Microchip MPLAB XC8 Compiler V1.35 ()

Linker command line:

--edf=/Applications/microchip/xc8/v1.35/dat/en_msgs.txt -cs \
  -h+dist/PICDEM_FSUSB/production/MPLAB.X.production.sym \
  --cmf=dist/PICDEM_FSUSB/production/MPLAB.X.production.cmf -z -Q18F4550 \
  -o/tmp/xca4JGM6G -Mdist/PICDEM_FSUSB/production/MPLAB.X.production.map \
  -E1 -ver=XC8 -ASTACK=0BFh-03ffh -pstack=STACK -ACODE=00h-07FFFh \
  -ACONST=00h-07FFFh -ASMALLCONST=0800h-08FFhx120 \
  -AMEDIUMCONST=0800h-07FFFh -ACOMRAM=01h-05Fh -AABS1=00h-07FFh \
  -ABIGRAM=01h-07FFh -ARAM=060h-0FFh,0100h-01FFhx7 -ABANK0=060h-0FFh \
  -ABANK1=0100h-01FFh -ABANK2=0200h-02FFh -ABANK3=0300h-03FFh \
  -ABANK4=0400h-04FFh -ABANK5=0500h-05FFh -ABANK6=0600h-06FFh \
  -ABANK7=0700h-07FFh -ASFR=0F60h-0FFFh \
  -preset_vec=00h,intcode=08h,intcodelo,powerup,init,end_init \
  -pramtop=0800h -psmallconst=SMALLCONST -pmediumconst=MEDIUMCONST \
  -pconst=CONST -AFARRAM=00h-00h -ACONFIG=0300000h-030000Dh -pconfig=CONFIG \
  -AIDLOC=0200000h-0200007h -pidloc=IDLOC -AEEDATA=0F00000h-0F000FFh \
  -peeprom_data=EEDATA \
  -prdata=COMRAM,nvrram=COMRAM,nvbit=COMRAM,rbss=COMRAM,rbit=COMRAM \
  -pfarbss=FARRAM,fardata=FARRAM,nvFARRAM=FARRAM \
  -pintsave_regs=BIGRAM,bigbss=BIGRAM,bigdata=BIGRAM -pbss=RAM \
  -pidata=CODE,irdata=CODE,ibigdata=CODE,ifardata=CODE -prparam=COMRAM \
  /tmp/xcYtk8Vol.obj dist/PICDEM_FSUSB/production/MPLAB.X.production.obj 

Object code version is 3.11

Machine type is 18F4550

Call graph: (short form)




                Name                               Link     Load   Length Selector   Space Scale
/tmp/xcYtk8Vol.obj
                end_init                             16       16        4        4       0
                reset_vec                             0        0        4        0       0
                idloc                            200000   200000        8   200000       0
                config                           300000   300000        E   300000       0
dist/PICDEM_FSUSB/production/MPLAB.X.production.obj
                intcode                               8        8        E        4       0
                temp                                 5E       5E        1        1       1
                mediumconst                        7EE8     7EE8      118     3F74       0
                text57                              DCA      DCA       D4        4       0
                text56                              F62      F62       C0        4       0
                text55                              E9E      E9E       C4        4       0
                text54                              8E2      8E2      118        4       0
                text53                             183E     183E       5C        4       0
                text52                             1378     1378       94        4       0
                text51                             19EC     19EC       3C        4       0
                text50                             1BFE     1BFE       2E        4       0
                text49                             1D96     1D96       1C      ECB       0
                text48                             1DDA     1DDA       12      ECB       0
                text47                             17E0     17E0       5E        4       0
                text46                             123A     123A       A0        4       0
                text45                             119A     119A       A0        4       0
                text44                             10E0     10E0       BA        4       0
                text43                              680      680      134        4       0
                text42                             1B38     1B38       36        4       0
                text41                             1B02     1B02       36        4       0
                text40                             15AC     15AC       80        4       0
                text39                             1ACC     1ACC       36        4       0
                text38                              9FA      9FA      108        4       0
                text37                             1D1A     1D1A       22        4       0
                text36                             1A96     1A96       36        4       0
                text35                             1CD4     1CD4       24        4       0
                text34                             152A     152A       82        4       0
                text33                               1A       1A      284        4       0
                text32                              544      544      13C        4       0
                text31                             1022     1022       BE        4       0
                text30                             1C84     1C84       2C        4       0
                text29                              CE8      CE8       E2        4       0
                text28                              BF6      BF6       F2        4       0
                text27                             12DA     12DA       9E        4       0
                text26                              B02      B02       F4        4       0
                text25                             149C     149C       8E        4       0
                text24                             1970     1970       40        4       0
                text23                             140C     140C       90        4       0
                text22                             1D5A     1D5A       1E        4       0
                text21                             192E     192E       42        4       0
                text20                             1C58     1C58       2C        4       0
                text19                             1B6E     1B6E       32        4       0
                text18                              3FC      3FC      148        4       0
                text17                              7B4      7B4      12E        4       0
                intcode_body                       1710     1710       72        4       0
                text15                             1A28     1A28       38        4       0
                text14                             19B0     19B0       3C        4       0
                text13                             1C2C     1C2C       2C        4       0
                text12                             1DB2     1DB2       16      ECB       0
                text11                             169E     169E       72        4       0
                text10                             1DC8     1DC8       12      ECB       0
                text9                              1782     1782       5E        4       0
                text8                              162C     162C       72        4       0
                text7                              1D3C     1D3C       1E        4       0
                text6                              1CF8     1CF8       22        4       0
                text5                              1A60     1A60       36        4       0
                text4                              1CB0     1CB0       24        4       0
                text3                              1BA0     1BA0       30        4       0
                text2                              1BD0     1BD0       2E        4       0
                text1                               29E      29E      15E        4       0
                text0                              189A     189A       4E        4       0
                cstackCOMRAM                          1        1       32        1       1
                cstackBANK0                          BA       BA        5       60       1
                dataBANK0                            9D       9D       1D       60       1
                bssBANK0                             60       60       3D       60       1
                bssCOMRAM                            33       33       2B        1       1
                cinit                              18E8     18E8       46        4       0
                idataBANK0                         1D78     1D78       1D        4       0

TOTAL           Name                               Link     Load   Length     Space
        CLASS   STACK          

        CLASS   CODE           
                end_init                             16       16        4         0
                intcode                               8        8        E         0
                reset_vec                             0        0        4         0
                text57                              DCA      DCA       D4         0
                text56                              F62      F62       C0         0
                text55                              E9E      E9E       C4         0
                text54                              8E2      8E2      118         0
                text53                             183E     183E       5C         0
                text52                             1378     1378       94         0
                text51                             19EC     19EC       3C         0
                text50                             1BFE     1BFE       2E         0
                text49                             1D96     1D96       1C         0
                text48                             1DDA     1DDA       12         0
                text47                             17E0     17E0       5E         0
                text46                             123A     123A       A0         0
                text45                             119A     119A       A0         0
                text44                             10E0     10E0       BA         0
                text43                              680      680      134         0
                text42                             1B38     1B38       36         0
                text41                             1B02     1B02       36         0
                text40                             15AC     15AC       80         0
                text39                             1ACC     1ACC       36         0
                text38                              9FA      9FA      108         0
                text37                             1D1A     1D1A       22         0
                text36                             1A96     1A96       36         0
                text35                             1CD4     1CD4       24         0
                text34                             152A     152A       82         0
                text33                               1A       1A      284         0
                text32                              544      544      13C         0
                text31                             1022     1022       BE         0
                text30                             1C84     1C84       2C         0
                text29                              CE8      CE8       E2         0
                text28                              BF6      BF6       F2         0
                text27                             12DA     12DA       9E         0
                text26                              B02      B02       F4         0
                text25                             149C     149C       8E         0
                text24                             1970     1970       40         0
                text23                             140C     140C       90         0
                text22                             1D5A     1D5A       1E         0
                text21                             192E     192E       42         0
                text20                             1C58     1C58       2C         0
                text19                             1B6E     1B6E       32         0
                text18                              3FC      3FC      148         0
                text17                              7B4      7B4      12E         0
                intcode_body                       1710     1710       72         0
                text15                             1A28     1A28       38         0
                text14                             19B0     19B0       3C         0
                text13                             1C2C     1C2C       2C         0
                text12                             1DB2     1DB2       16         0
                text11                             169E     169E       72         0
                text10                             1DC8     1DC8       12         0
                text9                              1782     1782       5E         0
                text8                              162C     162C       72         0
                text7                              1D3C     1D3C       1E         0
                text6                              1CF8     1CF8       22         0
                text5                              1A60     1A60       36         0
                text4                              1CB0     1CB0       24         0
                text3                              1BA0     1BA0       30         0
                text2                              1BD0     1BD0       2E         0
                text1                               29E      29E      15E         0
                text0                              189A     189A       4E         0
                cinit                              18E8     18E8       46         0
                idataBANK0                         1D78     1D78       1D         0

        CLASS   CONST          

        CLASS   SMALLCONST     

        CLASS   MEDIUMCONST    
                mediumconst                        7EE8     7EE8      118         0

        CLASS   COMRAM         
                temp                                 5E       5E        1         1
                cstackCOMRAM                          1        1       32         1
                bssCOMRAM                            33       33       2B         1

        CLASS   ABS1           
                abs_s1                              400      400       30         1
                abs_s1                              500      500        3         1

        CLASS   BIGRAM         

        CLASS   RAM            

        CLASS   BANK0          
                cstackBANK0                          BA       BA        5         1
                dataBANK0                            9D       9D       1D         1
                bssBANK0                             60       60       3D         1

        CLASS   BANK1          

        CLASS   BANK2          

        CLASS   BANK3          

        CLASS   BANK4          

        CLASS   BANK5          

        CLASS   BANK6          

        CLASS   BANK7          

        CLASS   SFR            

        CLASS   FARRAM         

        CLASS   CONFIG         
                config                           300000   300000        E         0

        CLASS   IDLOC          
                idloc                            200000   200000        8         0

        CLASS   EEDATA         



SEGMENTS        Name                           Load    Length   Top    Selector   Space  Class

                reset_vec                      000000  000004  000004         0       0  CODE    
                cstackCOMRAM                   000001  00005E  00005F         1       1  COMRAM  
                intcode                        000008  001D8D  001D95         4       0  CODE    
                bssBANK0                       000060  00005F  0000BF        60       1  BANK0   
                text49                         001D96  000056  001DEC       ECB       0  CODE    
                mediumconst                    007EE8  000118  008000      3F74       0  MEDIUMCO
                idloc                          200000  000008  200008    200000       0  IDLOC   
                config                         300000  00000E  30000E    300000       0  CONFIG  


UNUSED ADDRESS RANGES

        Name                Unused          Largest block    Delta
        BANK0            0000BF-0000FF               41
        BANK1            000100-0001FF              100
        BANK2            000200-0002FF              100
        BANK3            000300-0003FF              100
        BANK4            000430-0004FF               D0
        BANK5            000503-0005FF               FD
        BANK6            000600-0006FF              100
        BANK7            000700-0007FF              100
        BIGRAM           00005F-00005F                1
                         0000BF-0003FF              341
                         000430-0004FF               D0
                         000503-0007FF              2FD
        CODE             000004-000007                4
                         001D95-001D95                1
                         001DEC-007EE7             60FC
        COMRAM           00005F-00005F                1
        CONST            000004-000007                4
                         001D95-001D95                1
                         001DEC-007EE7             60FC
        EEDATA           F00000-F000FF              100
        MEDIUMCONST      001D95-001D95                1
                         001DEC-007EE7             60FC
        RAM              0000BF-0003FF              100
                         000430-0004FF               D0
                         000503-0007FF              100
        SFR              000F60-000FFF               A0
        SMALLCONST       001D95-001D95                1
                         001DEC-007EE7              100
        STACK            0000BF-0003FF              341

                                  Symbol Table

?_MPU6050_ReadAccX                        cstackCOMRAM 000003
?_MPU6050_ReadAccY                        cstackCOMRAM 000003
?_USBTransferOnePacket                    cstackCOMRAM 000001
APP_DeviceMouseIdleRateCallback@idleRate  cstackCOMRAM 000001
APP_DeviceMouseIdleRateCallback@reportId  cstackCOMRAM 000004
APP_DeviceMouseTasks@currentButtonState   cstackCOMRAM 00002E
APP_LEDUpdateUSBStatus@ledCount           bssCOMRAM    000037
BUTTON_Enable@button                      cstackCOMRAM 00002D
BUTTON_IsPressed@button                   cstackCOMRAM 00002D
LCDcmd@byte                               cstackCOMRAM 00002F
LCDnibble@nibble                          cstackCOMRAM 00002E
LED_Enable@led                            cstackCOMRAM 00002D
LED_Off@led                               cstackCOMRAM 000001
LED_On@led                                cstackCOMRAM 000001
MPU6050_ReadAccX@accx                     cstackCOMRAM 000009
MPU6050_ReadAccX@accxh                    cstackCOMRAM 00000B
MPU6050_ReadAccX@accxl                    cstackCOMRAM 00000D
MPU6050_ReadAccX@write                    cstackCOMRAM 000007
MPU6050_ReadAccY@accy                     cstackCOMRAM 000009
MPU6050_ReadAccY@accyh                    cstackCOMRAM 00000B
MPU6050_ReadAccY@accyl                    cstackCOMRAM 00000D
MPU6050_ReadAccY@write                    cstackCOMRAM 000007
OpenI2C@slew                              cstackCOMRAM 00002D
OpenI2C@sync_mode                         cstackCOMRAM 00002E
SYSTEM_Initialize@state                   cstackCOMRAM 00002E
USBConfigureEndpoint@EPNum                cstackCOMRAM 000006
USBConfigureEndpoint@direction            cstackCOMRAM 000001
USBConfigureEndpoint@handle               cstackCOMRAM 000007
USBCtrlTrfInHandler@lastDTS               cstackCOMRAM 000002
USBCtrlTrfRxService@byteToRead            cstackCOMRAM 000002
USBCtrlTrfRxService@i                     cstackCOMRAM 000001
USBCtrlTrfTxService@byteToSend            cstackCOMRAM 000001
USBDeviceInit@i                           cstackBANK0  0000BC
USBDeviceTasks@i                          cstackCOMRAM 00001E
USBEnableEndpoint@ep                      cstackCOMRAM 00000C
USBEnableEndpoint@options                 cstackCOMRAM 000009
USBEnableEndpoint@p                       cstackCOMRAM 00000A
USBStdFeatureReqHandler@current_ep_data   cstackCOMRAM 00001A
USBStdFeatureReqHandler@p                 cstackCOMRAM 00001B
USBStdFeatureReqHandler@pUEP              cstackCOMRAM 000018
USBStdGetStatusHandler@p                  cstackCOMRAM 000002
USBStdSetCfgHandler@i                     cstackCOMRAM 000017
USBTransferOnePacket@data                 cstackCOMRAM 000002
USBTransferOnePacket@dir                  cstackCOMRAM 000001
USBTransferOnePacket@ep                   cstackCOMRAM 000005
USBTransferOnePacket@handle               cstackCOMRAM 000006
USBTransferOnePacket@len                  cstackCOMRAM 000004
USER_USB_CALLBACK_EVENT_HANDLER@event     cstackCOMRAM 00000F
USER_USB_CALLBACK_EVENT_HANDLER@pdata     cstackCOMRAM 000011
USER_USB_CALLBACK_EVENT_HANDLER@size      cstackCOMRAM 000013
WriteI2C@data_out                         cstackCOMRAM 00002E
_ADCON0                                   (abs)        000FC2
_ADCON0bits                               (abs)        000FC2
_ADCON1bits                               (abs)        000FC1
_ADCON2                                   (abs)        000FC0
_ADCON2bits                               (abs)        000FC0
_ADRESH                                   (abs)        000FC4
_ADRESL                                   (abs)        000FC3
_APP_DeviceMouseIdleRateCallback          text39       001ACC
_APP_DeviceMouseInitialize                text50       001BFE
_APP_DeviceMouseSOFHandler                text43       000680
_APP_DeviceMouseTasks                     text14       0019B0
_APP_LEDUpdateUSBStatus                   text40       0015AC
_BDT                                      (abs)        000400
_BUTTON_Enable                            text6        001CF8
_BUTTON_IsPressed                         text15       001A28
_BothEP0OutUOWNsSet                       bssCOMRAM    00004B
_CtrlTrfData                              (abs)        000428
_INTCONbits                               (abs)        000FF2
_IPR2bits                                 (abs)        000FA2
_IdleI2C                                  text10       001DC8
_LATD                                     (abs)        000F8C
_LATDbits                                 (abs)        000F8C
_LCDcmd                                   text12       001DB2
_LCDinit                                  text11       00169E
_LCDnibble                                text13       001C2C
_LED_Enable                               text5        001A60
_LED_Off                                  text42       001B38
_LED_On                                   text41       001B02
_MPU6050_Init                             text8        00162C
_MPU6050_ReadAccX                         text46       00123A
_MPU6050_ReadAccY                         text45       00119A
_OpenI2C                                  text7        001D3C
_PIE2bits                                 (abs)        000FA0
_PIR1bits                                 (abs)        000F9E
_PIR2bits                                 (abs)        000FA1
_PORTBbits                                (abs)        000F81
_RCONbits                                 (abs)        000FD0
_ReadI2C                                  text49       001D96
_RemoteWakeup                             bssCOMRAM    00004C
_SSPADD                                   (abs)        000FC8
_SSPBUF                                   (abs)        000FC9
_SSPCON1                                  (abs)        000FC6
_SSPCON1bits                              (abs)        000FC6
_SSPCON2                                  (abs)        000FC5
_SSPCON2bits                              (abs)        000FC5
_SSPSTAT                                  (abs)        000FC7
_SSPSTATbits                              (abs)        000FC7
_SYSTEM_Initialize                        text4        001CB0
_SYS_InterruptHigh                        intcode      000008
_SetupPkt                                 (abs)        000420
_TRISAbits                                (abs)        000F92
_TRISBbits                                (abs)        000F93
_TRISD                                    (abs)        000F95
_TRISDbits                                (abs)        000F95
_UADDR                                    (abs)        000F6E
_UCFG                                     (abs)        000F6F
_UCON                                     (abs)        000F6D
_UCONbits                                 (abs)        000F6D
_UEIE                                     (abs)        000F6B
_UEIR                                     (abs)        000F6A
_UEP0                                     (abs)        000F70
_UEP0bits                                 (abs)        000F70
_UEP1                                     (abs)        000F71
_UIE                                      (abs)        000F69
_UIEbits                                  (abs)        000F69
_UIR                                      (abs)        000F68
_UIRbits                                  (abs)        000F68
_USB1msTickCount                          bssCOMRAM    000033
_USBActiveConfiguration                   bssCOMRAM    000059
_USBAlternateInterface                    bssCOMRAM    00005A
_USBBusIsSuspended                        bssCOMRAM    00004D
_USBCheckHIDRequest                       text38       0009FA
_USBCheckStdRequest                       text28       000BF6
_USBConfigureEndpoint                     text52       001378
_USBCtrlEPAllowDataStage                  text27       0012DA
_USBCtrlEPAllowStatusStage                text55       000E9E
_USBCtrlEPService                         text23       00140C
_USBCtrlEPServiceComplete                 text26       000B02
_USBCtrlTrfInHandler                      text56       000F62
_USBCtrlTrfOutHandler                     text53       00183E
_USBCtrlTrfRxService                      text54       0008E2
_USBCtrlTrfSetupHandler                   text25       00149C
_USBCtrlTrfTxService                      text57       000DCA
_USBDeferINDataStagePackets               bssCOMRAM    00004E
_USBDeferOUTDataStagePackets              bssCOMRAM    00004F
_USBDeferStatusStagePacket                bssCOMRAM    000050
_USBDeviceAttach                          text3        001BA0
_USBDeviceInit                            text1        00029E
_USBDeviceState                           bssCOMRAM    000051
_USBDeviceTasks                           text17       0007B4
_USBEnableEndpoint                        text51       0019EC
_USBIncrement1msInternalTimers            text22       001D5A
_USBStallHandler                          text21       00192E
_USBStatusStageEnabledFlag1               bssCOMRAM    000052
_USBStatusStageEnabledFlag2               bssCOMRAM    000053
_USBStatusStageTimeoutCounter             bssCOMRAM    000054
_USBStdFeatureReqHandler                  text33       00001A
_USBStdGetDscHandler                      text32       000544
_USBStdGetStatusHandler                   text31       001022
_USBStdSetCfgHandler                      text29       000CE8
_USBSuspend                               text20       001C58
_USBTicksSinceSuspendEnd                  bssCOMRAM    000055
_USBTransferOnePacket                     text44       0010E0
_USBWakeFromSuspend                       text19       001B6E
_USB_CD_Ptr                               mediumconst  007EF7
_USB_SD_Ptr                               mediumconst  007EE9
_USER_USB_CALLBACK_EVENT_HANDLER          text34       00152A
_USTAT                                    (abs)        000F6C
_USTATcopy                                bssCOMRAM    00005B
_WriteI2C                                 text9        001782
__CFG_BOR$ON                              (abs)        000000
__CFG_BORV$3                              (abs)        000000
__CFG_CP0$OFF                             (abs)        000000
__CFG_CP1$OFF                             (abs)        000000
__CFG_CPB$OFF                             (abs)        000000
__CFG_CPUDIV$OSC1_PLL2                    (abs)        000000
__CFG_EBTR0$OFF                           (abs)        000000
__CFG_EBTR1$OFF                           (abs)        000000
__CFG_EBTRB$OFF                           (abs)        000000
__CFG_FCMEN$OFF                           (abs)        000000
__CFG_FOSC$HSPLL_HS                       (abs)        000000
__CFG_IESO$OFF                            (abs)        000000
__CFG_LPT1OSC$OFF                         (abs)        000000
__CFG_LVP$OFF                             (abs)        000000
__CFG_MCLRE$OFF                           (abs)        000000
__CFG_PBADEN$OFF                          (abs)        000000
__CFG_PLLDIV$5                            (abs)        000000
__CFG_PWRT$OFF                            (abs)        000000
__CFG_STVREN$ON                           (abs)        000000
__CFG_USBDIV$2                            (abs)        000000
__CFG_VREGEN$ON                           (abs)        000000
__CFG_WDT$OFF                             (abs)        000000
__CFG_WDTPS$32768                         (abs)        000000
__CFG_WRT0$OFF                            (abs)        000000
__CFG_WRT1$OFF                            (abs)        000000
__CFG_WRTB$OFF                            (abs)        000000
__CFG_WRTC$OFF                            (abs)        000000
__CFG_XINST$OFF                           (abs)        000000
__HRAM                                    (abs)        000000
__Habs1                                   abs1         000000
__Hbank0                                  bank0        000000
__Hbank1                                  bank1        000000
__Hbank2                                  bank2        000000
__Hbank3                                  bank3        000000
__Hbank4                                  bank4        000000
__Hbank5                                  bank5        000000
__Hbank6                                  bank6        000000
__Hbank7                                  bank7        000000
__Hbigbss                                 bigbss       000000
__Hbigdata                                bigdata      000000
__Hbigram                                 bigram       000000
__Hbss                                    bss          000000
__HbssBANK0                               bssBANK0     000000
__HbssCOMRAM                              bssCOMRAM    000000
__Hcinit                                  cinit        000000
__Hclrtext                                clrtext      000000
__Hcomram                                 comram       000000
__Hconfig                                 config       30000E
__Hconst                                  const        000000
__HcstackBANK0                            cstackBANK0  000000
__HcstackCOMRAM                           cstackCOMRAM 000000
__Hdata                                   data         000000
__HdataBANK0                              dataBANK0    000000
__Heeprom_data                            eeprom_data  000000
__Hend_init                               end_init     00001A
__Hfarbss                                 farbss       000000
__Hfardata                                fardata      000000
__Hibigdata                               ibigdata     000000
__Hidata                                  idata        000000
__HidataBANK0                             idataBANK0   000000
__Hidloc                                  idloc        200008
__Hifardata                               ifardata     000000
__Hinit                                   init         000016
__Hintcode                                intcode      000016
__Hintcode_body                           intcode_body 000000
__Hintcodelo                              intcodelo    000016
__Hintentry                               intentry     000000
__Hintret                                 intret       000000
__Hintsave_regs                           intsave_regs 000000
__Hirdata                                 irdata       000000
__Hmediumconst                            mediumconst  008000
__HnvFARRAM                               nvFARRAM     000000
__Hnvbit                                  nvbit        000000
__Hnvrram                                 nvrram       000000
__Hparam                                  rparam       000000
__Hpowerup                                powerup      000016
__Hram                                    ram          000000
__Hramtop                                 ramtop       000800
__Hrbit                                   rbit         000000
__Hrbss                                   rbss         000000
__Hrdata                                  rdata        000000
__Hreset_vec                              reset_vec    000004
__Hrparam                                 rparam       000000
__Hsfr                                    sfr          000000
__Hsmallconst                             smallconst   000000
__Hspace_0                                (abs)        30000E
__Hspace_1                                (abs)        0000BF
__Hspace_2                                (abs)        000000
__Hstack                                  stack        000000
__Hstruct                                 struct       000000
__Htemp                                   temp         00005F
__Htext                                   text         000000
__Htext0                                  text0        000000
__Htext1                                  text1        000000
__Htext10                                 text10       000000
__Htext11                                 text11       000000
__Htext12                                 text12       000000
__Htext13                                 text13       000000
__Htext14                                 text14       000000
__Htext15                                 text15       000000
__Htext17                                 text17       000000
__Htext18                                 text18       000000
__Htext19                                 text19       000000
__Htext2                                  text2        000000
__Htext20                                 text20       000000
__Htext21                                 text21       000000
__Htext22                                 text22       000000
__Htext23                                 text23       000000
__Htext24                                 text24       000000
__Htext25                                 text25       000000
__Htext26                                 text26       000000
__Htext27                                 text27       000000
__Htext28                                 text28       000000
__Htext29                                 text29       000000
__Htext3                                  text3        000000
__Htext30                                 text30       000000
__Htext31                                 text31       000000
__Htext32                                 text32       000000
__Htext33                                 text33       000000
__Htext34                                 text34       000000
__Htext35                                 text35       000000
__Htext36                                 text36       000000
__Htext37                                 text37       000000
__Htext38                                 text38       000000
__Htext39                                 text39       000000
__Htext4                                  text4        000000
__Htext40                                 text40       000000
__Htext41                                 text41       000000
__Htext42                                 text42       000000
__Htext43                                 text43       000000
__Htext44                                 text44       000000
__Htext45                                 text45       000000
__Htext46                                 text46       000000
__Htext47                                 text47       000000
__Htext48                                 text48       000000
__Htext49                                 text49       000000
__Htext5                                  text5        000000
__Htext50                                 text50       000000
__Htext51                                 text51       000000
__Htext52                                 text52       000000
__Htext53                                 text53       000000
__Htext54                                 text54       000000
__Htext55                                 text55       000000
__Htext56                                 text56       000000
__Htext57                                 text57       000000
__Htext6                                  text6        000000
__Htext7                                  text7        000000
__Htext8                                  text8        000000
__Htext9                                  text9        000000
__LRAM                                    (abs)        000001
__Labs1                                   abs1         000000
__Lbank0                                  bank0        000000
__Lbank1                                  bank1        000000
__Lbank2                                  bank2        000000
__Lbank3                                  bank3        000000
__Lbank4                                  bank4        000000
__Lbank5                                  bank5        000000
__Lbank6                                  bank6        000000
__Lbank7                                  bank7        000000
__Lbigbss                                 bigbss       000000
__Lbigdata                                bigdata      000000
__Lbigram                                 bigram       000000
__Lbss                                    bss          000000
__LbssBANK0                               bssBANK0     000000
__LbssCOMRAM                              bssCOMRAM    000000
__Lcinit                                  cinit        000000
__Lclrtext                                clrtext      000000
__Lcomram                                 comram       000000
__Lconfig                                 config       300000
__Lconst                                  const        000000
__LcstackBANK0                            cstackBANK0  000000
__LcstackCOMRAM                           cstackCOMRAM 000000
__Ldata                                   data         000000
__LdataBANK0                              dataBANK0    000000
__Leeprom_data                            eeprom_data  000000
__Lend_init                               end_init     000016
__Lfarbss                                 farbss       000000
__Lfardata                                fardata      000000
__Libigdata                               ibigdata     000000
__Lidata                                  idata        000000
__LidataBANK0                             idataBANK0   000000
__Lidloc                                  idloc        200000
__Lifardata                               ifardata     000000
__Linit                                   init         000016
__Lintcode                                intcode      000008
__Lintcode_body                           intcode_body 000000
__Lintcodelo                              intcodelo    000016
__Lintentry                               intentry     000000
__Lintret                                 intret       000000
__Lintsave_regs                           intsave_regs 000000
__Lirdata                                 irdata       000000
__Lmediumconst                            mediumconst  007EE8
__LnvFARRAM                               nvFARRAM     000000
__Lnvbit                                  nvbit        000000
__Lnvrram                                 nvrram       000000
__Lparam                                  rparam       000000
__Lpowerup                                powerup      000016
__Lram                                    ram          000000
__Lramtop                                 ramtop       000800
__Lrbit                                   rbit         000000
__Lrbss                                   rbss         000000
__Lrdata                                  rdata        000000
__Lreset_vec                              reset_vec    000000
__Lrparam                                 rparam       000000
__Lsfr                                    sfr          000000
__Lsmallconst                             smallconst   000000
__Lspace_0                                (abs)        000000
__Lspace_1                                (abs)        000000
__Lspace_2                                (abs)        000000
__Lstack                                  stack        000000
__Lstruct                                 struct       000000
__Ltemp                                   temp         00005E
__Ltext                                   text         000000
__Ltext0                                  text0        000000
__Ltext1                                  text1        000000
__Ltext10                                 text10       000000
__Ltext11                                 text11       000000
__Ltext12                                 text12       000000
__Ltext13                                 text13       000000
__Ltext14                                 text14       000000
__Ltext15                                 text15       000000
__Ltext17                                 text17       000000
__Ltext18                                 text18       000000
__Ltext19                                 text19       000000
__Ltext2                                  text2        000000
__Ltext20                                 text20       000000
__Ltext21                                 text21       000000
__Ltext22                                 text22       000000
__Ltext23                                 text23       000000
__Ltext24                                 text24       000000
__Ltext25                                 text25       000000
__Ltext26                                 text26       000000
__Ltext27                                 text27       000000
__Ltext28                                 text28       000000
__Ltext29                                 text29       000000
__Ltext3                                  text3        000000
__Ltext30                                 text30       000000
__Ltext31                                 text31       000000
__Ltext32                                 text32       000000
__Ltext33                                 text33       000000
__Ltext34                                 text34       000000
__Ltext35                                 text35       000000
__Ltext36                                 text36       000000
__Ltext37                                 text37       000000
__Ltext38                                 text38       000000
__Ltext39                                 text39       000000
__Ltext4                                  text4        000000
__Ltext40                                 text40       000000
__Ltext41                                 text41       000000
__Ltext42                                 text42       000000
__Ltext43                                 text43       000000
__Ltext44                                 text44       000000
__Ltext45                                 text45       000000
__Ltext46                                 text46       000000
__Ltext47                                 text47       000000
__Ltext48                                 text48       000000
__Ltext49                                 text49       000000
__Ltext5                                  text5        000000
__Ltext50                                 text50       000000
__Ltext51                                 text51       000000
__Ltext52                                 text52       000000
__Ltext53                                 text53       000000
__Ltext54                                 text54       000000
__Ltext55                                 text55       000000
__Ltext56                                 text56       000000
__Ltext57                                 text57       000000
__Ltext6                                  text6        000000
__Ltext7                                  text7        000000
__Ltext8                                  text8        000000
__Ltext9                                  text9        000000
__S0                                      (abs)        30000E
__S1                                      (abs)        0000BF
__S2                                      (abs)        000000
___inthi_sp                               stack        000000
___intlo_sp                               stack        000000
___param_bank                             (abs)        000010
___rparam_used                            (abs)        000001
___sp                                     stack        000000
__accesstop                               (abs)        000060
__activetblptr                            (abs)        000002
__end_of_APP_DeviceMouseIdleRateCallback  text39       001B02
__end_of_APP_DeviceMouseInitialize        text50       001C2C
__end_of_APP_DeviceMouseSOFHandler        text43       0007B4
__end_of_APP_DeviceMouseTasks             text14       0019EC
__end_of_APP_LEDUpdateUSBStatus           text40       00162C
__end_of_BUTTON_Enable                    text6        001D1A
__end_of_BUTTON_IsPressed                 text15       001A60
__end_of_IdleI2C                          text10       001DDA
__end_of_LCDcmd                           text12       001DC8
__end_of_LCDinit                          text11       001710
__end_of_LCDnibble                        text13       001C58
__end_of_LED_Enable                       text5        001A96
__end_of_LED_Off                          text42       001B6E
__end_of_LED_On                           text41       001B38
__end_of_MPU6050_Init                     text8        00169E
__end_of_MPU6050_ReadAccX                 text46       0012DA
__end_of_MPU6050_ReadAccY                 text45       00123A
__end_of_OpenI2C                          text7        001D5A
__end_of_ReadI2C                          text49       001DB2
__end_of_SYSTEM_Initialize                text4        001CD4
__end_of_SYS_InterruptHigh                intcode_body 001782
__end_of_USBCheckHIDRequest               text38       000B02
__end_of_USBCheckStdRequest               text28       000CE8
__end_of_USBConfigureEndpoint             text52       00140C
__end_of_USBCtrlEPAllowDataStage          text27       001378
__end_of_USBCtrlEPAllowStatusStage        text55       000F62
__end_of_USBCtrlEPService                 text23       00149C
__end_of_USBCtrlEPServiceComplete         text26       000BF6
__end_of_USBCtrlTrfInHandler              text56       001022
__end_of_USBCtrlTrfOutHandler             text53       00189A
__end_of_USBCtrlTrfRxService              text54       0009FA
__end_of_USBCtrlTrfSetupHandler           text25       00152A
__end_of_USBCtrlTrfTxService              text57       000E9E
__end_of_USBDeviceAttach                  text3        001BD0
__end_of_USBDeviceInit                    text1        0003FC
__end_of_USBDeviceTasks                   text17       0008E2
__end_of_USBEnableEndpoint                text51       001A28
__end_of_USBIncrement1msInternalTimers    text22       001D78
__end_of_USBStallHandler                  text21       001970
__end_of_USBStdFeatureReqHandler          text33       00029E
__end_of_USBStdGetDscHandler              text32       000680
__end_of_USBStdGetStatusHandler           text31       0010E0
__end_of_USBStdSetCfgHandler              text29       000DCA
__end_of_USBSuspend                       text20       001C84
__end_of_USBTransferOnePacket             text44       00119A
__end_of_USBWakeFromSuspend               text19       001BA0
__end_of_USB_CD_Ptr                       mediumconst  007EF9
__end_of_USB_SD_Ptr                       mediumconst  007EEF
__end_of_USER_USB_CALLBACK_EVENT_HANDLER  text34       0015AC
__end_of_WriteI2C                         text9        0017E0
__end_of__initialization                  cinit        001920
__end_of_configDescriptor1                mediumconst  007FAF
__end_of_device_dsc                       mediumconst  007FFA
__end_of_hid_rpt01                        mediumconst  007F5F
__end_of_main                             text0        0018E8
__end_of_memcpy                           text24       0019B0
__end_of_memset                           text2        001BFE
__end_of_sd000                            mediumconst  007FFE
__end_of_sd001                            mediumconst  007F2D
__end_of_sd002                            mediumconst  007F8D
__end_of_xVector                          mediumconst  007EF3
__end_of_yVector                          mediumconst  007EF7
__end_ofexp@coeff                         mediumconst  007FCD
__end_ofi2_BUTTON_Enable                  text37       001D3C
__end_ofi2_IdleI2C                        text48       001DEC
__end_ofi2_LED_Enable                     text36       001ACC
__end_ofi2_SYSTEM_Initialize              text35       001CF8
__end_ofi2_USBDeviceInit                  text18       000544
__end_ofi2_WriteI2C                       text47       00183E
__end_ofi2_memset                         text30       001CB0
__end_oflog@coeff                         mediumconst  007FE8
__initialization                          cinit        0018E8
__mediumconst                             mediumconst  007EE8
__pbssBANK0                               bssBANK0     000060
__pbssCOMRAM                              bssCOMRAM    000033
__pcinit                                  cinit        0018E8
__pcstackBANK0                            cstackBANK0  0000BA
__pcstackCOMRAM                           cstackCOMRAM 000001
__pdataBANK0                              dataBANK0    00009D
__pidataBANK0                             idataBANK0   001D78
__pintcode                                intcode      000008
__pintcode_body                           intcode_body 001710
__pmediumconst                            mediumconst  007EE8
__ptext0                                  text0        00189A
__ptext1                                  text1        00029E
__ptext10                                 text10       001DC8
__ptext11                                 text11       00169E
__ptext12                                 text12       001DB2
__ptext13                                 text13       001C2C
__ptext14                                 text14       0019B0
__ptext15                                 text15       001A28
__ptext17                                 text17       0007B4
__ptext18                                 text18       0003FC
__ptext19                                 text19       001B6E
__ptext2                                  text2        001BD0
__ptext20                                 text20       001C58
__ptext21                                 text21       00192E
__ptext22                                 text22       001D5A
__ptext23                                 text23       00140C
__ptext24                                 text24       001970
__ptext25                                 text25       00149C
__ptext26                                 text26       000B02
__ptext27                                 text27       0012DA
__ptext28                                 text28       000BF6
__ptext29                                 text29       000CE8
__ptext3                                  text3        001BA0
__ptext30                                 text30       001C84
__ptext31                                 text31       001022
__ptext32                                 text32       000544
__ptext33                                 text33       00001A
__ptext34                                 text34       00152A
__ptext35                                 text35       001CD4
__ptext36                                 text36       001A96
__ptext37                                 text37       001D1A
__ptext38                                 text38       0009FA
__ptext39                                 text39       001ACC
__ptext4                                  text4        001CB0
__ptext40                                 text40       0015AC
__ptext41                                 text41       001B02
__ptext42                                 text42       001B38
__ptext43                                 text43       000680
__ptext44                                 text44       0010E0
__ptext45                                 text45       00119A
__ptext46                                 text46       00123A
__ptext47                                 text47       0017E0
__ptext48                                 text48       001DDA
__ptext49                                 text49       001D96
__ptext5                                  text5        001A60
__ptext50                                 text50       001BFE
__ptext51                                 text51       0019EC
__ptext52                                 text52       001378
__ptext53                                 text53       00183E
__ptext54                                 text54       0008E2
__ptext55                                 text55       000E9E
__ptext56                                 text56       000F62
__ptext57                                 text57       000DCA
__ptext6                                  text6        001CF8
__ptext7                                  text7        001D3C
__ptext8                                  text8        00162C
__ptext9                                  text9        001782
__ramtop                                  ramtop       000800
__size_of_APP_DeviceMouseIdleRateCallback (abs)        000000
__size_of_APP_DeviceMouseInitialize       (abs)        000000
__size_of_APP_DeviceMouseSOFHandler       (abs)        000000
__size_of_APP_DeviceMouseTasks            (abs)        000000
__size_of_APP_LEDUpdateUSBStatus          (abs)        000000
__size_of_BUTTON_Enable                   (abs)        000000
__size_of_BUTTON_IsPressed                (abs)        000000
__size_of_IdleI2C                         (abs)        000000
__size_of_LCDcmd                          (abs)        000000
__size_of_LCDinit                         (abs)        000000
__size_of_LCDnibble                       (abs)        000000
__size_of_LED_Enable                      (abs)        000000
__size_of_LED_Off                         (abs)        000000
__size_of_LED_On                          (abs)        000000
__size_of_MPU6050_Init                    (abs)        000000
__size_of_MPU6050_ReadAccX                (abs)        000000
__size_of_MPU6050_ReadAccY                (abs)        000000
__size_of_OpenI2C                         (abs)        000000
__size_of_ReadI2C                         (abs)        000000
__size_of_SYSTEM_Initialize               (abs)        000000
__size_of_SYS_InterruptHigh               (abs)        000000
__size_of_USBCheckHIDRequest              (abs)        000000
__size_of_USBCheckStdRequest              (abs)        000000
__size_of_USBConfigureEndpoint            (abs)        000000
__size_of_USBCtrlEPAllowDataStage         (abs)        000000
__size_of_USBCtrlEPAllowStatusStage       (abs)        000000
__size_of_USBCtrlEPService                (abs)        000000
__size_of_USBCtrlEPServiceComplete        (abs)        000000
__size_of_USBCtrlTrfInHandler             (abs)        000000
__size_of_USBCtrlTrfOutHandler            (abs)        000000
__size_of_USBCtrlTrfRxService             (abs)        000000
__size_of_USBCtrlTrfSetupHandler          (abs)        000000
__size_of_USBCtrlTrfTxService             (abs)        000000
__size_of_USBDeviceAttach                 (abs)        000000
__size_of_USBDeviceInit                   (abs)        000000
__size_of_USBDeviceTasks                  (abs)        000000
__size_of_USBEnableEndpoint               (abs)        000000
__size_of_USBIncrement1msInternalTimers   (abs)        000000
__size_of_USBStallHandler                 (abs)        000000
__size_of_USBStdFeatureReqHandler         (abs)        000000
__size_of_USBStdGetDscHandler             (abs)        000000
__size_of_USBStdGetStatusHandler          (abs)        000000
__size_of_USBStdSetCfgHandler             (abs)        000000
__size_of_USBSuspend                      (abs)        000000
__size_of_USBTransferOnePacket            (abs)        000000
__size_of_USBWakeFromSuspend              (abs)        000000
__size_of_USER_USB_CALLBACK_EVENT_HANDLER (abs)        000000
__size_of_WriteI2C                        (abs)        000000
__size_of_main                            (abs)        000000
__size_of_memcpy                          (abs)        000000
__size_of_memset                          (abs)        000000
__size_ofi2_BUTTON_Enable                 (abs)        000000
__size_ofi2_IdleI2C                       (abs)        000000
__size_ofi2_LED_Enable                    (abs)        000000
__size_ofi2_SYSTEM_Initialize             (abs)        000000
__size_ofi2_USBDeviceInit                 (abs)        000000
__size_ofi2_WriteI2C                      (abs)        000000
__size_ofi2_memset                        (abs)        000000
__smallconst                              smallconst   000000
_accx                                     bssBANK0     000089
_accy                                     bssBANK0     00008B
_accz                                     bssBANK0     00008D
_active_protocol                          bssCOMRAM    00005C
_acx                                      bssCOMRAM    000039
_acy                                      bssCOMRAM    00003B
_acz                                      bssCOMRAM    00003D
_ax                                       dataBANK0    00009D
_ay                                       dataBANK0    0000A1
_az                                       dataBANK0    0000A5
_configDescriptor1                        mediumconst  007F8D
_controlTransferState                     bssCOMRAM    000056
_device_dsc                               mediumconst  007FE8
_endpoint_number                          bssCOMRAM    000057
_ep_data_in                               bssBANK0     00008F
_ep_data_out                              bssBANK0     000091
_errno                                    bssBANK0     000093
_gforcescale                              dataBANK0    0000B5
_gforcex                                  bssBANK0     000080
_gforcey                                  bssBANK0     000083
_gforcez                                  bssBANK0     000086
_gx                                       dataBANK0    0000A9
_gy                                       dataBANK0    0000AD
_gyrox                                    bssBANK0     000095
_gyroy                                    bssBANK0     000097
_gyroz                                    bssBANK0     000099
_gz                                       dataBANK0    0000B1
_hid_rpt01                                mediumconst  007F2D
_idle_rate                                bssCOMRAM    00005D
_inPipes                                  bssBANK0     000072
_main                                     text0        00189A
_memcpy                                   text24       001970
_memset                                   text2        001BD0
_mouse                                    bssBANK0     000060
_mouseReport                              (abs)        000500
_oldacx                                   bssCOMRAM    00003F
_oldacy                                   bssCOMRAM    000041
_oldacz                                   bssCOMRAM    000043
_outPipes                                 bssBANK0     00006A
_pBDTEntryEP0OutCurrent                   bssCOMRAM    000045
_pBDTEntryEP0OutNext                      bssCOMRAM    000047
_pBDTEntryIn                              bssBANK0     000078
_pBDTEntryOut                             bssBANK0     00007C
_pDst                                     bssCOMRAM    000049
_sd000                                    mediumconst  007FFA
_sd001                                    mediumconst  007EF9
_sd002                                    mediumconst  007F5F
_shortPacketStatus                        bssCOMRAM    000058
_sign                                     dataBANK0    0000B8
_x                                        bssBANK0     00009B
btemp                                     temp         00005E
end_of_initialization                     cinit        001920
i2BUTTON_Enable@button                    cstackCOMRAM 000001
i2LED_Enable@led                          cstackCOMRAM 000001
i2SYSTEM_Initialize@state                 cstackCOMRAM 000002
i2USBDeviceInit@i                         cstackCOMRAM 000009
i2WriteI2C@data_out                       cstackCOMRAM 000002
i2_BUTTON_Enable                          text37       001D1A
i2_IdleI2C                                text48       001DDA
i2_LED_Enable                             text36       001A96
i2_SYSTEM_Initialize                      text35       001CD4
i2_USBDeviceInit                          text18       0003FC
i2_WriteI2C                               text47       0017E0
i2_memset                                 text30       001C84
i2memset@c                                cstackCOMRAM 000003
i2memset@n                                cstackCOMRAM 000005
i2memset@p                                cstackCOMRAM 000007
i2memset@p1                               cstackCOMRAM 000001
int$flags                                 temp         00005E
int_func                                  intcode_body 001710
intlevel0                                 text         000000
intlevel1                                 text         000000
intlevel2                                 text         000000
intlevel3                                 text         000000
main@i                                    cstackBANK0  0000BD
memcpy@d                                  cstackCOMRAM 000007
memcpy@d1                                 cstackCOMRAM 000001
memcpy@n                                  cstackCOMRAM 000005
memcpy@s                                  cstackCOMRAM 000009
memcpy@s1                                 cstackCOMRAM 000003
memset@c                                  cstackCOMRAM 00002F
memset@n                                  cstackCOMRAM 000031
memset@p                                  cstackBANK0  0000BA
memset@p1                                 cstackCOMRAM 00002D
stackhi                                   (abs)        0003FF
stacklo                                   (abs)        0000BF
start                                     init         000016
start_initialization                      cinit        0018E8


FUNCTION INFORMATION:

 *************** function _main *****************
 Defined at:
		line 84 in file "../src/main.c"
 Parameters:    Size  Location     Type
		None
 Auto vars:     Size  Location     Type
  i               2    3[BANK0 ] int 
 Return value:  Size  Location     Type
		None               void
 Registers used:
		wreg, fsr2l, fsr2h, status,2, status,0, prodl, prodh, cstack
 Tracked objects:
		On entry : 
		On exit  : 
		Unchanged: 
 Data sizes:     COMRAM   BANK0   BANK1   BANK2   BANK3   BANK4   BANK5   BANK6   BANK7
      Params:         0       0       0       0       0       0       0       0       0
      Locals:         0       2       0       0       0       0       0       0       0
      Temps:          0       0       0       0       0       0       0       0       0
      Totals:         0       2       0       0       0       0       0       0       0
Total ram usage:        2 bytes
 Hardware stack levels required when called:   14
 This function calls:
		_APP_DeviceMouseTasks
		_LCDcmd
		_LCDinit
		_MPU6050_Init
		_OpenI2C
		_SYSTEM_Initialize
		_USBDeviceAttach
		_USBDeviceInit
 This function is called by:
		Startup code after reset
 This function uses a non-reentrant model


 *************** function _USBDeviceInit *****************
 Defined at:
		line 295 in file "../../../../../../framework/usb/src/usb_device.c"
 Parameters:    Size  Location     Type
		None
 Auto vars:     Size  Location     Type
  i               1    2[BANK0 ] unsigned char 
 Return value:  Size  Location     Type
		None               void
 Registers used:
		wreg, fsr2l, fsr2h, status,2, status,0, prodl, prodh, cstack
 Tracked objects:
		On entry : 
		On exit  : 
		Unchanged: 
 Data sizes:     COMRAM   BANK0   BANK1   BANK2   BANK3   BANK4   BANK5   BANK6   BANK7
      Params:         0       0       0       0       0       0       0       0       0
      Locals:         0       1       0       0       0       0       0       0       0
      Temps:          0       0       0       0       0       0       0       0       0
      Totals:         0       1       0       0       0       0       0       0       0
Total ram usage:        1 bytes
 Hardware stack levels used:    1
 Hardware stack levels required when called:   12
 This function calls:
		_memset
 This function is called by:
		_main
 This function uses a non-reentrant model


 *************** function _memset *****************
 Defined at:
		line 8 in file "/Applications/microchip/xc8/v1.35/sources/common/memset.c"
 Parameters:    Size  Location     Type
  p1              2   44[COMRAM] PTR void 
		 -> USBAlternateInterface(1), BDT(32), UEP1(1), 
  c               2   46[COMRAM] int 
  n               2   48[COMRAM] unsigned int 
 Auto vars:     Size  Location     Type
  p               2    0[BANK0 ] PTR unsigned char 
		 -> USBAlternateInterface(1), BDT(32), UEP1(1), 
 Return value:  Size  Location     Type
                  2   44[COMRAM] PTR void 
 Registers used:
		wreg, fsr2l, fsr2h, status,2, status,0
 Tracked objects:
		On entry : 
		On exit  : 
		Unchanged: 
 Data sizes:     COMRAM   BANK0   BANK1   BANK2   BANK3   BANK4   BANK5   BANK6   BANK7
      Params:         6       0       0       0       0       0       0       0       0
      Locals:         0       2       0       0       0       0       0       0       0
      Temps:          0       0       0       0       0       0       0       0       0
      Totals:         6       2       0       0       0       0       0       0       0
Total ram usage:        8 bytes
 Hardware stack levels used:    1
 Hardware stack levels required when called:   11
 This function calls:
		Nothing
 This function is called by:
		_USBDeviceInit
 This function uses a non-reentrant model


 *************** function _USBDeviceAttach *****************
 Defined at:
		line 1370 in file "../../../../../../framework/usb/src/usb_device.c"
 Parameters:    Size  Location     Type
		None
 Auto vars:     Size  Location     Type
		None
 Return value:  Size  Location     Type
		None               void
 Registers used:
		wreg, status,2
 Tracked objects:
		On entry : 
		On exit  : 
		Unchanged: 
 Data sizes:     COMRAM   BANK0   BANK1   BANK2   BANK3   BANK4   BANK5   BANK6   BANK7
      Params:         0       0       0       0       0       0       0       0       0
      Locals:         0       0       0       0       0       0       0       0       0
      Temps:          0       0       0       0       0       0       0       0       0
      Totals:         0       0       0       0       0       0       0       0       0
Total ram usage:        0 bytes
 Hardware stack levels used:    1
 Hardware stack levels required when called:   11
 This function calls:
		Nothing
 This function is called by:
		_main
 This function uses a non-reentrant model


 *************** function _SYSTEM_Initialize *****************
 Defined at:
		line 81 in file "../src/system_config/picdem_fs_usb/system.c"
 Parameters:    Size  Location     Type
  state           1    wreg     enum E4693
 Auto vars:     Size  Location     Type
  state           1   45[COMRAM] enum E4693
 Return value:  Size  Location     Type
		None               void
 Registers used:
		wreg, status,2, status,0, cstack
 Tracked objects:
		On entry : 
		On exit  : 
		Unchanged: 
 Data sizes:     COMRAM   BANK0   BANK1   BANK2   BANK3   BANK4   BANK5   BANK6   BANK7
      Params:         0       0       0       0       0       0       0       0       0
      Locals:         1       0       0       0       0       0       0       0       0
      Temps:          0       0       0       0       0       0       0       0       0
      Totals:         1       0       0       0       0       0       0       0       0
Total ram usage:        1 bytes
 Hardware stack levels used:    1
 Hardware stack levels required when called:   12
 This function calls:
		_BUTTON_Enable
		_LED_Enable
 This function is called by:
		_main
 This function uses a non-reentrant model


 *************** function _LED_Enable *****************
 Defined at:
		line 257 in file "../../../../../../bsp/picdem_fs_usb/leds.c"
 Parameters:    Size  Location     Type
  led             1    wreg     enum E2
 Auto vars:     Size  Location     Type
  led             1   44[COMRAM] enum E2
 Return value:  Size  Location     Type
		None               void
 Registers used:
		wreg, status,2, status,0
 Tracked objects:
		On entry : 
		On exit  : 
		Unchanged: 
 Data sizes:     COMRAM   BANK0   BANK1   BANK2   BANK3   BANK4   BANK5   BANK6   BANK7
      Params:         0       0       0       0       0       0       0       0       0
      Locals:         1       0       0       0       0       0       0       0       0
      Temps:          0       0       0       0       0       0       0       0       0
      Totals:         1       0       0       0       0       0       0       0       0
Total ram usage:        1 bytes
 Hardware stack levels used:    1
 Hardware stack levels required when called:   11
 This function calls:
		Nothing
 This function is called by:
		_SYSTEM_Initialize
 This function uses a non-reentrant model


 *************** function _BUTTON_Enable *****************
 Defined at:
		line 128 in file "../../../../../../bsp/picdem_fs_usb/buttons.c"
 Parameters:    Size  Location     Type
  button          1    wreg     enum E4441
 Auto vars:     Size  Location     Type
  button          1   44[COMRAM] enum E4441
 Return value:  Size  Location     Type
		None               void
 Registers used:
		wreg, status,2, status,0
 Tracked objects:
		On entry : 
		On exit  : 
		Unchanged: 
 Data sizes:     COMRAM   BANK0   BANK1   BANK2   BANK3   BANK4   BANK5   BANK6   BANK7
      Params:         0       0       0       0       0       0       0       0       0
      Locals:         1       0       0       0       0       0       0       0       0
      Temps:          0       0       0       0       0       0       0       0       0
      Totals:         1       0       0       0       0       0       0       0       0
Total ram usage:        1 bytes
 Hardware stack levels used:    1
 Hardware stack levels required when called:   11
 This function calls:
		Nothing
 This function is called by:
		_SYSTEM_Initialize
 This function uses a non-reentrant model


 *************** function _OpenI2C *****************
 Defined at:
		line 14 in file "../../../../../../../../../Desktop/IMU/i2c/i2c_open.c"
 Parameters:    Size  Location     Type
  sync_mode       1    wreg     unsigned char 
  slew            1   44[COMRAM] unsigned char 
 Auto vars:     Size  Location     Type
  sync_mode       1   45[COMRAM] unsigned char 
 Return value:  Size  Location     Type
		None               void
 Registers used:
		wreg, status,2, status,0
 Tracked objects:
		On entry : 
		On exit  : 
		Unchanged: 
 Data sizes:     COMRAM   BANK0   BANK1   BANK2   BANK3   BANK4   BANK5   BANK6   BANK7
      Params:         1       0       0       0       0       0       0       0       0
      Locals:         1       0       0       0       0       0       0       0       0
      Temps:          0       0       0       0       0       0       0       0       0
      Totals:         2       0       0       0       0       0       0       0       0
Total ram usage:        2 bytes
 Hardware stack levels used:    1
 Hardware stack levels required when called:   11
 This function calls:
		Nothing
 This function is called by:
		_main
 This function uses a non-reentrant model


 *************** function _MPU6050_Init *****************
 Defined at:
		line 148 in file "../../../../../../../../../Desktop/IMU/MPU6050.h"
 Parameters:    Size  Location     Type
		None
 Auto vars:     Size  Location     Type
		None
 Return value:  Size  Location     Type
		None               void
 Registers used:
		wreg, status,2, status,0, cstack
 Tracked objects:
		On entry : 
		On exit  : 
		Unchanged: 
 Data sizes:     COMRAM   BANK0   BANK1   BANK2   BANK3   BANK4   BANK5   BANK6   BANK7
      Params:         0       0       0       0       0       0       0       0       0
      Locals:         0       0       0       0       0       0       0       0       0
      Temps:          0       0       0       0       0       0       0       0       0
      Totals:         0       0       0       0       0       0       0       0       0
Total ram usage:        0 bytes
 Hardware stack levels used:    1
 Hardware stack levels required when called:   13
 This function calls:
		_IdleI2C
		_WriteI2C
 This function is called by:
		_main
 This function uses a non-reentrant model


 *************** function _WriteI2C *****************
 Defined at:
		line 12 in file "../../../../../../../../../Desktop/IMU/i2c/i2c_writ.c"
 Parameters:    Size  Location     Type
  data_out        1    wreg     unsigned char 
 Auto vars:     Size  Location     Type
  data_out        1   45[COMRAM] unsigned char 
 Return value:  Size  Location     Type
                  1    wreg      char 
 Registers used:
		wreg, status,2, status,0, cstack
 Tracked objects:
		On entry : 
		On exit  : 
		Unchanged: 
 Data sizes:     COMRAM   BANK0   BANK1   BANK2   BANK3   BANK4   BANK5   BANK6   BANK7
      Params:         0       0       0       0       0       0       0       0       0
      Locals:         1       0       0       0       0       0       0       0       0
      Temps:          0       0       0       0       0       0       0       0       0
      Totals:         1       0       0       0       0       0       0       0       0
Total ram usage:        1 bytes
 Hardware stack levels used:    1
 Hardware stack levels required when called:   12
 This function calls:
		_IdleI2C
 This function is called by:
		_MPU6050_Init
		_MPU6050_Read
		_MPU6050_ReadAccZ
		_MPU6050_ReadGyroAccX
		_MPU6050_ReadGyroY
		_MPU6050_ReadGyroZ
 This function uses a non-reentrant model


 *************** function _IdleI2C *****************
 Defined at:
		line 24 in file "../../../../../../../../../Desktop/IMU/i2c/i2c_idle.c"
 Parameters:    Size  Location     Type
		None
 Auto vars:     Size  Location     Type
		None
 Return value:  Size  Location     Type
		None               void
 Registers used:
		wreg, status,2, status,0
 Tracked objects:
		On entry : 
		On exit  : 
		Unchanged: 
 Data sizes:     COMRAM   BANK0   BANK1   BANK2   BANK3   BANK4   BANK5   BANK6   BANK7
      Params:         0       0       0       0       0       0       0       0       0
      Locals:         0       0       0       0       0       0       0       0       0
      Temps:          1       0       0       0       0       0       0       0       0
      Totals:         1       0       0       0       0       0       0       0       0
Total ram usage:        1 bytes
 Hardware stack levels used:    1
 Hardware stack levels required when called:   11
 This function calls:
		Nothing
 This function is called by:
		_WriteI2C
		_MPU6050_Init
		_MPU6050_Read
		_MPU6050_ReadAccZ
		_MPU6050_ReadGyroAccX
		_MPU6050_ReadGyroY
		_MPU6050_ReadGyroZ
 This function uses a non-reentrant model


 *************** function _LCDinit *****************
 Defined at:
		line 261 in file "../src/main.c"
 Parameters:    Size  Location     Type
		None
 Auto vars:     Size  Location     Type
		None
 Return value:  Size  Location     Type
		None               void
 Registers used:
		wreg, status,2, status,0, cstack
 Tracked objects:
		On entry : 
		On exit  : 
		Unchanged: 
 Data sizes:     COMRAM   BANK0   BANK1   BANK2   BANK3   BANK4   BANK5   BANK6   BANK7
      Params:         0       0       0       0       0       0       0       0       0
      Locals:         0       0       0       0       0       0       0       0       0
      Temps:          1       0       0       0       0       0       0       0       0
      Totals:         1       0       0       0       0       0       0       0       0
Total ram usage:        1 bytes
 Hardware stack levels used:    1
 Hardware stack levels required when called:   13
 This function calls:
		_LCDcmd
		_LCDnibble
 This function is called by:
		_main
 This function uses a non-reentrant model


 *************** function _LCDcmd *****************
 Defined at:
		line 307 in file "../src/main.c"
 Parameters:    Size  Location     Type
  byte            1    wreg     unsigned char 
 Auto vars:     Size  Location     Type
  byte            1   46[COMRAM] unsigned char 
 Return value:  Size  Location     Type
		None               void
 Registers used:
		wreg, status,2, status,0, cstack
 Tracked objects:
		On entry : 
		On exit  : 
		Unchanged: 
 Data sizes:     COMRAM   BANK0   BANK1   BANK2   BANK3   BANK4   BANK5   BANK6   BANK7
      Params:         0       0       0       0       0       0       0       0       0
      Locals:         1       0       0       0       0       0       0       0       0
      Temps:          0       0       0       0       0       0       0       0       0
      Totals:         1       0       0       0       0       0       0       0       0
Total ram usage:        1 bytes
 Hardware stack levels used:    1
 Hardware stack levels required when called:   12
 This function calls:
		_LCDnibble
 This function is called by:
		_main
		_LCDinit
 This function uses a non-reentrant model


 *************** function _LCDnibble *****************
 Defined at:
		line 292 in file "../src/main.c"
 Parameters:    Size  Location     Type
  nibble          1    wreg     unsigned char 
 Auto vars:     Size  Location     Type
  nibble          1   45[COMRAM] unsigned char 
 Return value:  Size  Location     Type
		None               void
 Registers used:
		wreg, status,2, status,0
 Tracked objects:
		On entry : 
		On exit  : 
		Unchanged: 
 Data sizes:     COMRAM   BANK0   BANK1   BANK2   BANK3   BANK4   BANK5   BANK6   BANK7
      Params:         0       0       0       0       0       0       0       0       0
      Locals:         1       0       0       0       0       0       0       0       0
      Temps:          1       0       0       0       0       0       0       0       0
      Totals:         2       0       0       0       0       0       0       0       0
Total ram usage:        2 bytes
 Hardware stack levels used:    1
 Hardware stack levels required when called:   11
 This function calls:
		Nothing
 This function is called by:
		_LCDinit
		_LCDcmd
		_LCDdata
 This function uses a non-reentrant model


 *************** function _APP_DeviceMouseTasks *****************
 Defined at:
		line 257 in file "../src/app_device_mouse.c"
 Parameters:    Size  Location     Type
		None
 Auto vars:     Size  Location     Type
  currentButto    1   45[COMRAM] unsigned char 
 Return value:  Size  Location     Type
		None               void
 Registers used:
		wreg, status,2, status,0, cstack
 Tracked objects:
		On entry : 
		On exit  : 
		Unchanged: 
[...]
		i2_IdleI2C
		i2_WriteI2C
 This function is called by:
		_APP_DeviceMouseSOFHandler
 This function uses a non-reentrant model


 *************** function _MPU6050_ReadAccX *****************
 Defined at:
		line 267 in file "../../../../../../../../../Desktop/IMU/MPU6050.h"
 Parameters:    Size  Location     Type
		None
 Auto vars:     Size  Location     Type
  accxl           2   12[COMRAM] int 
  accxh           2   10[COMRAM] int 
  accx            2    8[COMRAM] int 
  write           2    6[COMRAM] int 
 Return value:  Size  Location     Type
                  2    2[COMRAM] int 
 Registers used:
		wreg, status,2, status,0, cstack
 Tracked objects:
		On entry : 
		On exit  : 
		Unchanged: 
 Data sizes:     COMRAM   BANK0   BANK1   BANK2   BANK3   BANK4   BANK5   BANK6   BANK7
      Params:         2       0       0       0       0       0       0       0       0
      Locals:         8       0       0       0       0       0       0       0       0
      Temps:          2       0       0       0       0       0       0       0       0
      Totals:        12       0       0       0       0       0       0       0       0
Total ram usage:       12 bytes
 Hardware stack levels used:    1
 Hardware stack levels required when called:    2
 This function calls:
		_ReadI2C
		i2_IdleI2C
		i2_WriteI2C
 This function is called by:
		_APP_DeviceMouseSOFHandler
 This function uses a non-reentrant model


 *************** function i2_WriteI2C *****************
 Defined at:
		line 12 in file "../../../../../../../../../Desktop/IMU/i2c/i2c_writ.c"
 Parameters:    Size  Location     Type
  data_out        1    wreg     unsigned char 
 Auto vars:     Size  Location     Type
  data_out        1    1[COMRAM] unsigned char 
 Return value:  Size  Location     Type
                  1    wreg      char 
 Registers used:
		wreg, status,2, status,0, cstack
 Tracked objects:
		On entry : 
		On exit  : 
		Unchanged: 
 Data sizes:     COMRAM   BANK0   BANK1   BANK2   BANK3   BANK4   BANK5   BANK6   BANK7
      Params:         0       0       0       0       0       0       0       0       0
      Locals:         1       0       0       0       0       0       0       0       0
      Temps:          0       0       0       0       0       0       0       0       0
      Totals:         1       0       0       0       0       0       0       0       0
Total ram usage:        1 bytes
 Hardware stack levels used:    1
 Hardware stack levels required when called:    1
 This function calls:
		i2_IdleI2C
 This function is called by:
		_MPU6050_ReadAccX
		_MPU6050_ReadAccY
 This function uses a non-reentrant model


 *************** function i2_IdleI2C *****************
 Defined at:
		line 24 in file "../../../../../../../../../Desktop/IMU/i2c/i2c_idle.c"
 Parameters:    Size  Location     Type
		None
 Auto vars:     Size  Location     Type
		None
 Return value:  Size  Location     Type
		None               void
 Registers used:
		wreg, status,2, status,0
 Tracked objects:
		On entry : 
		On exit  : 
		Unchanged: 
 Data sizes:     COMRAM   BANK0   BANK1   BANK2   BANK3   BANK4   BANK5   BANK6   BANK7
      Params:         0       0       0       0       0       0       0       0       0
      Locals:         0       0       0       0       0       0       0       0       0
      Temps:          1       0       0       0       0       0       0       0       0
      Totals:         1       0       0       0       0       0       0       0       0
Total ram usage:        1 bytes
 Hardware stack levels used:    1
 This function calls:
		Nothing
 This function is called by:
		_MPU6050_ReadAccX
		_MPU6050_ReadAccY
		i2_WriteI2C
 This function uses a non-reentrant model


 *************** function _ReadI2C *****************
 Defined at:
		line 11 in file "../../../../../../../../../Desktop/IMU/i2c/i2c_read.c"
 Parameters:    Size  Location     Type
		None
 Auto vars:     Size  Location     Type
		None
 Return value:  Size  Location     Type
                  1    wreg      unsigned char 
 Registers used:
		wreg, status,2, status,0
 Tracked objects:
		On entry : 
		On exit  : 
		Unchanged: 
 Data sizes:     COMRAM   BANK0   BANK1   BANK2   BANK3   BANK4   BANK5   BANK6   BANK7
      Params:         0       0       0       0       0       0       0       0       0
      Locals:         0       0       0       0       0       0       0       0       0
      Temps:          0       0       0       0       0       0       0       0       0
      Totals:         0       0       0       0       0       0       0       0       0
Total ram usage:        0 bytes
 Hardware stack levels used:    1
 This function calls:
		Nothing
 This function is called by:
		_MPU6050_ReadAccX
		_MPU6050_ReadAccY
		_MPU6050_Read
		_MPU6050_ReadAccZ
		_MPU6050_ReadGyroAccX
		_MPU6050_ReadGyroY
		_MPU6050_ReadGyroZ
 This function uses a non-reentrant model


 *************** function _APP_DeviceMouseInitialize *****************
 Defined at:
		line 223 in file "../src/app_device_mouse.c"
 Parameters:    Size  Location     Type
		None
 Auto vars:     Size  Location     Type
		None
 Return value:  Size  Location     Type
		None               void
 Registers used:
		wreg, fsr2l, fsr2h, status,2, status,0, prodl, prodh, cstack
 Tracked objects:
		On entry : 
		On exit  : 
		Unchanged: 
 Data sizes:     COMRAM   BANK0   BANK1   BANK2   BANK3   BANK4   BANK5   BANK6   BANK7
      Params:         0       0       0       0       0       0       0       0       0
      Locals:         0       0       0       0       0       0       0       0       0
      Temps:          0       0       0       0       0       0       0       0       0
      Totals:         0       0       0       0       0       0       0       0       0
Total ram usage:        0 bytes
 Hardware stack levels used:    1
 Hardware stack levels required when called:    2
 This function calls:
		_USBEnableEndpoint
 This function is called by:
		_USER_USB_CALLBACK_EVENT_HANDLER
 This function uses a non-reentrant model


 *************** function _USBEnableEndpoint *****************
 Defined at:
		line 896 in file "../../../../../../framework/usb/src/usb_device.c"
 Parameters:    Size  Location     Type
  ep              1    wreg     unsigned char 
  options         1    8[COMRAM] unsigned char 
 Auto vars:     Size  Location     Type
  ep              1   11[COMRAM] unsigned char 
  p               2    9[COMRAM] PTR unsigned char 
		 -> UEP0(1), 
 Return value:  Size  Location     Type
		None               void
 Registers used:
		wreg, fsr2l, fsr2h, status,2, status,0, prodl, prodh, cstack
 Tracked objects:
		On entry : 
		On exit  : 
		Unchanged: 
 Data sizes:     COMRAM   BANK0   BANK1   BANK2   BANK3   BANK4   BANK5   BANK6   BANK7
      Params:         1       0       0       0       0       0       0       0       0
      Locals:         3       0       0       0       0       0       0       0       0
      Temps:          0       0       0       0       0       0       0       0       0
      Totals:         4       0       0       0       0       0       0       0       0
Total ram usage:        4 bytes
 Hardware stack levels used:    1
 Hardware stack levels required when called:    1
 This function calls:
		_USBConfigureEndpoint
 This function is called by:
		_APP_DeviceMouseInitialize
 This function uses a non-reentrant model


 *************** function _USBConfigureEndpoint *****************
 Defined at:
		line 1561 in file "../../../../../../framework/usb/src/usb_device.c"
 Parameters:    Size  Location     Type
  EPNum           1    wreg     unsigned char 
  direction       1    0[COMRAM] unsigned char 
 Auto vars:     Size  Location     Type
  EPNum           1    5[COMRAM] unsigned char 
  handle          2    6[COMRAM] PTR volatile struct __BD
		 -> BDT(32), 
 Return value:  Size  Location     Type
		None               void
 Registers used:
		wreg, fsr2l, fsr2h, status,2, status,0, prodl, prodh
 Tracked objects:
		On entry : 
		On exit  : 
		Unchanged: 
 Data sizes:     COMRAM   BANK0   BANK1   BANK2   BANK3   BANK4   BANK5   BANK6   BANK7
      Params:         1       0       0       0       0       0       0       0       0
      Locals:         3       0       0       0       0       0       0       0       0
      Temps:          4       0       0       0       0       0       0       0       0
      Totals:         8       0       0       0       0       0       0       0       0
Total ram usage:        8 bytes
 Hardware stack levels used:    1
 This function calls:
		Nothing
 This function is called by:
		_USBEnableEndpoint
 This function uses a non-reentrant model


 *************** function _USBCtrlTrfOutHandler *****************
 Defined at:
		line 2555 in file "../../../../../../framework/usb/src/usb_device.c"
 Parameters:    Size  Location     Type
		None
 Auto vars:     Size  Location     Type
		None
 Return value:  Size  Location     Type
		None               void
 Registers used:
		wreg, fsr1l, fsr1h, fsr2l, fsr2h, status,2, status,0, prodl, prodh, cstack
 Tracked objects:
		On entry : 
		On exit  : 
		Unchanged: 
 Data sizes:     COMRAM   BANK0   BANK1   BANK2   BANK3   BANK4   BANK5   BANK6   BANK7
      Params:         0       0       0       0       0       0       0       0       0
      Locals:         0       0       0       0       0       0       0       0       0
      Temps:          0       0       0       0       0       0       0       0       0
      Totals:         0       0       0       0       0       0       0       0       0
Total ram usage:        0 bytes
 Hardware stack levels used:    1
 Hardware stack levels required when called:    2
 This function calls:
		_USBCtrlTrfRxService
 This function is called by:
		_USBCtrlEPService
 This function uses a non-reentrant model


 *************** function _USBCtrlTrfRxService *****************
 Defined at:
		line 1870 in file "../../../../../../framework/usb/src/usb_device.c"
 Parameters:    Size  Location     Type
		None
 Auto vars:     Size  Location     Type
  byteToRead      1    1[COMRAM] unsigned char 
  i               1    0[COMRAM] unsigned char 
 Return value:  Size  Location     Type
		None               void
 Registers used:
		wreg, fsr1l, fsr1h, fsr2l, fsr2h, status,2, status,0, prodl, prodh, cstack
 Tracked objects:
		On entry : 
		On exit  : 
		Unchanged: 
 Data sizes:     COMRAM   BANK0   BANK1   BANK2   BANK3   BANK4   BANK5   BANK6   BANK7
      Params:         0       0       0       0       0       0       0       0       0
      Locals:         2       0       0       0       0       0       0       0       0
      Temps:          0       0       0       0       0       0       0       0       0
      Totals:         2       0       0       0       0       0       0       0       0
Total ram usage:        2 bytes
 Hardware stack levels used:    1
 Hardware stack levels required when called:    1
 This function calls:
		_USBCtrlEPAllowStatusStage
 This function is called by:
		_USBCtrlTrfOutHandler
 This function uses a non-reentrant model


 *************** function _USBCtrlEPAllowStatusStage *****************
 Defined at:
		line 1434 in file "../../../../../../framework/usb/src/usb_device.c"
 Parameters:    Size  Location     Type
		None
 Auto vars:     Size  Location     Type
		None
 Return value:  Size  Location     Type
		None               void
 Registers used:
		wreg, fsr2l, fsr2h, status,2, status,0
 Tracked objects:
		On entry : 
		On exit  : 
		Unchanged: 
 Data sizes:     COMRAM   BANK0   BANK1   BANK2   BANK3   BANK4   BANK5   BANK6   BANK7
      Params:         0       0       0       0       0       0       0       0       0
      Locals:         0       0       0       0       0       0       0       0       0
      Temps:          0       0       0       0       0       0       0       0       0
      Totals:         0       0       0       0       0       0       0       0       0
Total ram usage:        0 bytes
 Hardware stack levels used:    1
 This function calls:
		Nothing
 This function is called by:
		_USBDeviceTasks
		_USBCtrlEPServiceComplete
		_USBCtrlTrfRxService
 This function uses a non-reentrant model


 *************** function _USBCtrlTrfInHandler *****************
 Defined at:
		line 2609 in file "../../../../../../framework/usb/src/usb_device.c"
 Parameters:    Size  Location     Type
		None
 Auto vars:     Size  Location     Type
  lastDTS         1    1[COMRAM] unsigned char 
 Return value:  Size  Location     Type
		None               void
 Registers used:
		wreg, fsr0l, fsr0h, fsr2l, fsr2h, status,2, status,0, tblptrl, tblptrh, tblptru, cstack
 Tracked objects:
		On entry : 
		On exit  : 
		Unchanged: 
 Data sizes:     COMRAM   BANK0   BANK1   BANK2   BANK3   BANK4   BANK5   BANK6   BANK7
      Params:         0       0       0       0       0       0       0       0       0
      Locals:         1       0       0       0       0       0       0       0       0
      Temps:          0       0       0       0       0       0       0       0       0
      Totals:         1       0       0       0       0       0       0       0       0
Total ram usage:        1 bytes
 Hardware stack levels used:    1
 Hardware stack levels required when called:    1
 This function calls:
		_USBCtrlTrfTxService
 This function is called by:
		_USBCtrlEPService
 This function uses a non-reentrant model


 *************** function _USBCtrlTrfTxService *****************
 Defined at:
		line 1789 in file "../../../../../../framework/usb/src/usb_device.c"
 Parameters:    Size  Location     Type
		None
 Auto vars:     Size  Location     Type
  byteToSend      1    0[COMRAM] unsigned char 
 Return value:  Size  Location     Type
		None               void
 Registers used:
		wreg, fsr0l, fsr0h, fsr2l, fsr2h, status,2, status,0, tblptrl, tblptrh, tblptru
 Tracked objects:
		On entry : 
		On exit  : 
		Unchanged: 
 Data sizes:     COMRAM   BANK0   BANK1   BANK2   BANK3   BANK4   BANK5   BANK6   BANK7
      Params:         0       0       0       0       0       0       0       0       0
      Locals:         1       0       0       0       0       0       0       0       0
      Temps:          0       0       0       0       0       0       0       0       0
      Totals:         1       0       0       0       0       0       0       0       0
Total ram usage:        1 bytes
 Hardware stack levels used:    1
 This function calls:
		Nothing
 This function is called by:
		_USBCtrlEPAllowDataStage
		_USBCtrlTrfInHandler
 This function uses a non-reentrant model



MODULE INFORMATION

Module		Function		Class		Link	Load	Size
../../../../../../../../../Desktop/IMU/i2c/i2c_open.c
		_OpenI2C       		CODE           	1D3C	0000	31

../../../../../../../../../Desktop/IMU/i2c/i2c_open.c estimated size: 31

../src/system_config/picdem_fs_usb/system.c
		_SYS_InterruptHigh		CODE           	0008	0000	129
		_SYSTEM_Initialize		CODE           	1CB0	0000	37

../src/system_config/picdem_fs_usb/system.c estimated size: 166

../../../../../../../../../Desktop/IMU/i2c/i2c_writ.c
		_WriteI2C      		CODE           	1782	0000	95

../../../../../../../../../Desktop/IMU/i2c/i2c_writ.c estimated size: 95

../../../../../../../../../Desktop/IMU/i2c/i2c_read.c
		_ReadI2C       		CODE           	1D96	0000	29

../../../../../../../../../Desktop/IMU/i2c/i2c_read.c estimated size: 29

../src/app_device_mouse.c
		_APP_DeviceMouseIdleRateCallback		CODE           	1ACC	0000	55
		_APP_DeviceMouseSOFHandler		CODE           	0680	0000	309
		_APP_DeviceMouseInitialize		CODE           	1BFE	0000	47
		_APP_DeviceMouseTasks		CODE           	19B0	0000	61

../src/app_device_mouse.c estimated size: 472

../../../../../../../../../Desktop/IMU/MPU6050.h
		_MPU6050_ReadAccX		CODE           	123A	0000	161
		_MPU6050_ReadAccY		CODE           	119A	0000	161
		_MPU6050_Init  		CODE           	162C	0000	115

../../../../../../../../../Desktop/IMU/MPU6050.h estimated size: 437

../src/app_led_usb_status.c
		_APP_LEDUpdateUSBStatus		CODE           	15AC	0000	129

../src/app_led_usb_status.c estimated size: 129

../../../../../../../../../Desktop/IMU/i2c/i2c_idle.c
		_IdleI2C       		CODE           	1DC8	0000	19

../../../../../../../../../Desktop/IMU/i2c/i2c_idle.c estimated size: 19

/Applications/microchip/xc8/v1.35/sources/common/memset.c
		_memset        		CODE           	1BD0	0000	47

/Applications/microchip/xc8/v1.35/sources/common/memset.c estimated size: 47

../../../../../../framework/usb/src/usb_device.c
		_USBCtrlTrfInHandler		CODE           	0F62	0000	193
		_USBTransferOnePacket		CODE           	10E0	0000	187
		_USBDeviceAttach		CODE           	1BA0	0000	49
		_USBStdGetDscHandler		CODE           	0544	0000	317
		_USBCtrlEPAllowDataStage		CODE           	12DA	0000	159
		_USBStdFeatureReqHandler		CODE           	001A	0000	645
		_USBCtrlEPAllowStatusStage		CODE           	0E9E	0000	197
		_USBCtrlTrfSetupHandler		CODE           	149C	0000	143
		_USBCtrlTrfOutHandler		CODE           	183E	0000	93
		_USBCtrlEPServiceComplete		CODE           	0B02	0000	245
		_USBSuspend    		CODE           	1C58	0000	45
		_USBStdSetCfgHandler		CODE           	0CE8	0000	227
		_USBStdGetStatusHandler		CODE           	1022	0000	191
		_USBWakeFromSuspend		CODE           	1B6E	0000	51
		_USBCtrlTrfRxService		CODE           	08E2	0000	281
		_USBCtrlTrfTxService		CODE           	0DCA	0000	213
		_USBEnableEndpoint		CODE           	19EC	0000	61
		_USBConfigureEndpoint		CODE           	1378	0000	149
		_USBDeviceInit 		CODE           	029E	0000	351
		_USBIncrement1msInternalTimers		CODE           	1D5A	0000	31
		_USBCtrlEPService		CODE           	140C	0000	145
		_USBStallHandler		CODE           	192E	0000	67
		_USBDeviceTasks		CODE           	07B4	0000	303
		_USBCheckStdRequest		CODE           	0BF6	0000	243

../../../../../../framework/usb/src/usb_device.c estimated size: 4586

../../../../../../framework/usb/src/usb_device_hid.c
		_USBCheckHIDRequest		CODE           	09FA	0000	265

../../../../../../framework/usb/src/usb_device_hid.c estimated size: 265

shared
		_configDescriptor1		MEDIUMCONST    	7F8D	0000	35
		_USB_CD_Ptr    		MEDIUMCONST    	7EF7	0000	3
		_sd001         		MEDIUMCONST    	7EF9	0000	53
		exp@coeff      		MEDIUMCONST    	0000	0000	0
		i2_BUTTON_Enable		CODE           	1D1A	0000	35
		_sd002         		MEDIUMCONST    	7F5F	0000	47
		i2_USBDeviceInit		CODE           	03FC	0000	329
		__initialization		CODE           	18E8	0000	57
		_device_dsc    		MEDIUMCONST    	7FE8	0000	19
		_xVector       		MEDIUMCONST    	0000	0000	0
		_yVector       		MEDIUMCONST    	0000	0000	0
		i2_WriteI2C    		CODE           	17E0	0000	95
		i2_SYSTEM_Initialize		CODE           	1CD4	0000	37
		_USB_SD_Ptr    		MEDIUMCONST    	7EE9	0000	7
		i2_LED_Enable  		CODE           	1A96	0000	55
		log@coeff      		MEDIUMCONST    	0000	0000	0
		_hid_rpt01     		MEDIUMCONST    	7F2D	0000	51
		i2_memset      		CODE           	1C84	0000	45
		_sd000         		MEDIUMCONST    	7FFA	0000	5
		i2_IdleI2C     		CODE           	1DDA	0000	19

shared estimated size: 892

../../../../../../bsp/picdem_fs_usb/leds.c
		_LED_Off       		CODE           	1B38	0000	55
		_LED_On        		CODE           	1B02	0000	55
		_LED_Enable    		CODE           	1A60	0000	55

../../../../../../bsp/picdem_fs_usb/leds.c estimated size: 165

../src/main.c
		_LCDinit       		CODE           	169E	0000	115
		_main          		CODE           	189A	0000	79
		_USER_USB_CALLBACK_EVENT_HANDLER		CODE           	152A	0000	131
		_LCDnibble     		CODE           	1C2C	0000	45
		_LCDcmd        		CODE           	1DB2	0000	23

../src/main.c estimated size: 393

/Applications/microchip/xc8/v1.35/sources/common/memcpy.c
		_memcpy        		CODE           	1970	0000	65

/Applications/microchip/xc8/v1.35/sources/common/memcpy.c estimated size: 65

../../../../../../bsp/picdem_fs_usb/buttons.c
		_BUTTON_IsPressed		CODE           	1A28	0000	57
		_BUTTON_Enable 		CODE           	1CF8	0000	35

../../../../../../bsp/picdem_fs_usb/buttons.c estimated size: 92

