Microchip MPLAB XC8 Compiler V1.35 ()

Linker command line:

--edf=/Applications/microchip/xc8/v1.35/dat/en_msgs.txt -cs \
  -h+dist/PICDEM_FSUSB/production/MPLAB.X.production.sym \
  --cmf=dist/PICDEM_FSUSB/production/MPLAB.X.production.cmf -z -Q18F4550 \
  -o/tmp/xc1aR0jAs -Mdist/PICDEM_FSUSB/production/MPLAB.X.production.map \
  -E1 -ver=XC8 -ASTACK=0503h-07ffh -pstack=STACK -ACODE=00h-07FFFh \
  -ACONST=00h-07FFFh -ASMALLCONST=0800h-08FFhx120 \
  -AMEDIUMCONST=0800h-07FFFh -ACOMRAM=01h-05Fh -AABS1=00h-07FFh \
  -ABIGRAM=01h-07FFh -ARAM=060h-0FFh,0100h-01FFhx7 -ABANK0=060h-0FFh \
  -ABANK1=0100h-01FFh -ABANK2=0200h-02FFh -ABANK3=0300h-03FFh \
  -ABANK4=0400h-04FFh -ABANK5=0500h-05FFh -ABANK6=0600h-06FFh \
  -ABANK7=0700h-07FFh -ASFR=0F60h-0FFFh \
  -preset_vec=00h,intcode=08h,intcodelo,powerup,init,end_init \
  -pramtop=0800h -psmallconst=SMALLCONST -pmediumconst=MEDIUMCONST \
  -pconst=CONST -AFARRAM=00h-00h -ACONFIG=0300000h-030000Dh -pconfig=CONFIG \
  -AIDLOC=0200000h-0200007h -pidloc=IDLOC -AEEDATA=0F00000h-0F000FFh \
  -peeprom_data=EEDATA \
  -prdata=COMRAM,nvrram=COMRAM,nvbit=COMRAM,rbss=COMRAM,rbit=COMRAM \
  -pfarbss=FARRAM,fardata=FARRAM,nvFARRAM=FARRAM \
  -pintsave_regs=BIGRAM,bigbss=BIGRAM,bigdata=BIGRAM -pbss=RAM \
  -pidata=CODE,irdata=CODE,ibigdata=CODE,ifardata=CODE -prparam=COMRAM \
  /tmp/xcC0kJWAv.obj dist/PICDEM_FSUSB/production/MPLAB.X.production.obj 

Object code version is 3.11

Machine type is 18F4550

Call graph: (short form)




                Name                               Link     Load   Length Selector   Space Scale
/tmp/xcC0kJWAv.obj
                end_init                             16       16        4        4       0
                reset_vec                             0        0        4        0       0
                idloc                            200000   200000        8   200000       0
                config                           300000   300000        E   300000       0
dist/PICDEM_FSUSB/production/MPLAB.X.production.obj
                intcode                               8        8        E        4       0
                temp                                 5F       5F        1        1       1
                mediumconst                        7EE8     7EE8      118     3F74       0
                text78                             1EDA     1EDA       CE        4       0
                text77                             2124     2124       B6        4       0
                text76                             1FA8     1FA8       C2        4       0
                text75                             1794     1794      10C        4       0
                text74                             2CEC     2CEC       5C        4       0
                text73                             268A     268A       94        4       0
                text72                             2EA6     2EA6       3C        4       0
                text71                             311E     311E       2E        4       0
                text70                             206A     206A       BA        4       0
                text69                             1E06     1E06       D4        4       0
                text68                             2FF2     2FF2       36        4       0
                text67                             2FBC     2FBC       36        4       0
                text66                             29D4     29D4       80        4       0
                text65                             2F86     2F86       36        4       0
                text64                             1A8A     1A8A       E6        4       0
                text63                             32AC     32AC       22        4       0
                text62                             2F50     2F50       36        4       0
                text61                             3266     3266       24        4       0
                text60                             2952     2952       82        4       0
                text59                               1A       1A      27C        4       0
                text58                             155C     155C      120        4       0
                text57                             24A4     24A4       AE        4       0
                text56                             31A4     31A4       2C        4       0
                text55                             1C50     1C50       DC        4       0
                text54                             1D2C     1D2C       DA        4       0
                text53                             25F0     25F0       9A        4       0
                text52                             1998     1998       F2        4       0
                text51                             28CE     28CE       84        4       0
                text50                             2E2A     2E2A       40        4       0
                text49                             283E     283E       90        4       0
                text48                             321C     321C       26        4       0
                text47                             2DE8     2DE8       42        4       0
                text46                             30F0     30F0       2E        4       0
                text45                             305C     305C       34        4       0
                text44                             12EC     12EC      144        4       0
                text43                             1430     1430      12C        4       0
                intcode_body                       2BAE     2BAE       72        4       0
                text41                             2EE2     2EE2       38        4       0
                text40                             2D48     2D48       54        4       0
                text39                             3178     3178       2C        4       0
                text38                             31F6     31F6       26        4       0
                text37                             23F6     23F6       AE        4       0
                text36                             2A54     2A54       76        4       0
                text35                             2E6A     2E6A       3C        4       0
                text34                              F18      F18      14C        4       0
                text33                             30C0     30C0       30        4       0
                text32                              296      296      268        4       0
                text31                             2D9C     2D9C       4C        4       0
                text30                              C6E      C6E      15E        4       0
                text29                             31D0     31D0       26        4       0
                text28                             1B70     1B70       E0        4       0
                text27                             2552     2552       9E        4       0
                text26                             27AE     27AE       90        4       0
                text25                             11A8     11A8      144        4       0
                text24                             271E     271E       90        4       0
                text23                             18A0     18A0       F8        4       0
                text22                             167C     167C      118        4       0
                text21                              4FE      4FE      22A        4       0
                text20                              DCC      DCC      14C        4       0
                text19                              AC2      AC2      1AC        4       0
                text18                              902      902      1C0        4       0
                text17                             3320     3320       16        4       0
                text16                             2B3C     2B3C       72        4       0
                text15                             3028     3028       34        4       0
                text14                             3336     3336       12        4       0
                text13                             2C8E     2C8E       5E        4       0
                text12                             2ACA     2ACA       72        4       0
                text11                             32EC     32EC       1C        4       0
                text10                             2342     2342       B4        4       0
                text9                              228E     228E       B4        4       0
                text8                              21DA     21DA       B4        4       0
                text7                              32CE     32CE       1E        4       0
                text6                              328A     328A       22        4       0
                text5                              2F1A     2F1A       36        4       0
                text4                              3242     3242       24        4       0
                text3                              3090     3090       30        4       0
                text2                              314C     314C       2C        4       0
                text1                              1064     1064      144        4       0
                text0                               728      728      1DA        4       0
                cstackCOMRAM                          1        1       33        1       1
                cstackBANK0                          60       60       65       60       1
                dataBANK1                           100      100       18      100       1
                bssBANK1                            118      118        3      100       1
                dataBANK0                            F9       F9        5       60       1
                bssBANK0                             C5       C5       34       60       1
                bssCOMRAM                            34       34       2B        1       1
                cinit                              2C20     2C20       6E        4       0
                idataBANK1                         3308     3308       18        4       0
                idataBANK0                         3348     3348        5        4       0

TOTAL           Name                               Link     Load   Length     Space
        CLASS   STACK          

        CLASS   CODE           
                end_init                             16       16        4         0
                intcode                               8        8        E         0
                reset_vec                             0        0        4         0
                text78                             1EDA     1EDA       CE         0
                text77                             2124     2124       B6         0
                text76                             1FA8     1FA8       C2         0
                text75                             1794     1794      10C         0
                text74                             2CEC     2CEC       5C         0
                text73                             268A     268A       94         0
                text72                             2EA6     2EA6       3C         0
                text71                             311E     311E       2E         0
                text70                             206A     206A       BA         0
                text69                             1E06     1E06       D4         0
                text68                             2FF2     2FF2       36         0
                text67                             2FBC     2FBC       36         0
                text66                             29D4     29D4       80         0
                text65                             2F86     2F86       36         0
                text64                             1A8A     1A8A       E6         0
                text63                             32AC     32AC       22         0
                text62                             2F50     2F50       36         0
                text61                             3266     3266       24         0
                text60                             2952     2952       82         0
                text59                               1A       1A      27C         0
                text58                             155C     155C      120         0
                text57                             24A4     24A4       AE         0
                text56                             31A4     31A4       2C         0
                text55                             1C50     1C50       DC         0
                text54                             1D2C     1D2C       DA         0
                text53                             25F0     25F0       9A         0
                text52                             1998     1998       F2         0
                text51                             28CE     28CE       84         0
                text50                             2E2A     2E2A       40         0
                text49                             283E     283E       90         0
                text48                             321C     321C       26         0
                text47                             2DE8     2DE8       42         0
                text46                             30F0     30F0       2E         0
                text45                             305C     305C       34         0
                text44                             12EC     12EC      144         0
                text43                             1430     1430      12C         0
                intcode_body                       2BAE     2BAE       72         0
                text41                             2EE2     2EE2       38         0
                text40                             2D48     2D48       54         0
                text39                             3178     3178       2C         0
                text38                             31F6     31F6       26         0
                text37                             23F6     23F6       AE         0
                text36                             2A54     2A54       76         0
                text35                             2E6A     2E6A       3C         0
                text34                              F18      F18      14C         0
                text33                             30C0     30C0       30         0
                text32                              296      296      268         0
                text31                             2D9C     2D9C       4C         0
                text30                              C6E      C6E      15E         0
                text29                             31D0     31D0       26         0
                text28                             1B70     1B70       E0         0
                text27                             2552     2552       9E         0
                text26                             27AE     27AE       90         0
                text25                             11A8     11A8      144         0
                text24                             271E     271E       90         0
                text23                             18A0     18A0       F8         0
                text22                             167C     167C      118         0
                text21                              4FE      4FE      22A         0
                text20                              DCC      DCC      14C         0
                text19                              AC2      AC2      1AC         0
                text18                              902      902      1C0         0
                text17                             3320     3320       16         0
                text16                             2B3C     2B3C       72         0
                text15                             3028     3028       34         0
                text14                             3336     3336       12         0
                text13                             2C8E     2C8E       5E         0
                text12                             2ACA     2ACA       72         0
                text11                             32EC     32EC       1C         0
                text10                             2342     2342       B4         0
                text9                              228E     228E       B4         0
                text8                              21DA     21DA       B4         0
                text7                              32CE     32CE       1E         0
                text6                              328A     328A       22         0
                text5                              2F1A     2F1A       36         0
                text4                              3242     3242       24         0
                text3                              3090     3090       30         0
                text2                              314C     314C       2C         0
                text1                              1064     1064      144         0
                text0                               728      728      1DA         0
                cinit                              2C20     2C20       6E         0
                idataBANK1                         3308     3308       18         0
                idataBANK0                         3348     3348        5         0

        CLASS   CONST          

        CLASS   SMALLCONST     

        CLASS   MEDIUMCONST    
                mediumconst                        7EE8     7EE8      118         0

        CLASS   COMRAM         
                temp                                 5F       5F        1         1
                cstackCOMRAM                          1        1       33         1
                bssCOMRAM                            34       34       2B         1

        CLASS   ABS1           
                abs_s1                              400      400       30         1
                abs_s1                              500      500        3         1

        CLASS   BIGRAM         

        CLASS   RAM            

        CLASS   BANK0          
                cstackBANK0                          60       60       65         1
                dataBANK0                            F9       F9        5         1
                bssBANK0                             C5       C5       34         1

        CLASS   BANK1          
                dataBANK1                           100      100       18         1
                bssBANK1                            118      118        3         1

        CLASS   BANK2          

        CLASS   BANK3          

        CLASS   BANK4          

        CLASS   BANK5          

        CLASS   BANK6          

        CLASS   BANK7          

        CLASS   SFR            

        CLASS   FARRAM         

        CLASS   CONFIG         
                config                           300000   300000        E         0

        CLASS   IDLOC          
                idloc                            200000   200000        8         0

        CLASS   EEDATA         



SEGMENTS        Name                           Load    Length   Top    Selector   Space  Class

                reset_vec                      000000  000004  000004         0       0  CODE    
                cstackCOMRAM                   000001  00005F  000060         1       1  COMRAM  
                intcode                        000008  003345  00334D         4       0  CODE    
                cstackBANK0                    000060  00009E  0000FE        60       1  BANK0   
                dataBANK1                      000100  00001B  00011B       100       1  BANK1   
                mediumconst                    007EE8  000118  008000      3F74       0  MEDIUMCO
                idloc                          200000  000008  200008    200000       0  IDLOC   
                config                         300000  00000E  30000E    300000       0  CONFIG  


UNUSED ADDRESS RANGES

        Name                Unused          Largest block    Delta
        BANK0            0000FE-0000FF                2
        BANK1            00011B-0001FF               E5
        BANK2            000200-0002FF              100
        BANK3            000300-0003FF              100
        BANK4            000430-0004FF               D0
        BANK5            000503-0005FF               FD
        BANK6            000600-0006FF              100
        BANK7            000700-0007FF              100
        BIGRAM           0000FE-0000FF                2
                         00011B-0003FF              2E5
                         000430-0004FF               D0
                         000503-0007FF              2FD
        CODE             000004-000007                4
                         00334D-007EE7             4B9B
        CONST            000004-000007                4
                         00334D-007EE7             4B9B
        EEDATA           F00000-F000FF              100
        MEDIUMCONST      00334D-007EE7             4B9B
        RAM              0000FE-0000FF                2
                         00011B-0003FF              100
                         000430-0004FF               D0
                         000503-0007FF              100
        SFR              000F60-000FFF               A0
        SMALLCONST       00334D-007EE7              100
        STACK            000503-0007FF              2FD

                                  Symbol Table

?_MPU6050_ReadAccX                        cstackCOMRAM 00002D
?_MPU6050_ReadAccY                        cstackCOMRAM 00002D
?_MPU6050_ReadAccZ                        cstackCOMRAM 00002D
?_USBTransferOnePacket                    cstackCOMRAM 000001
?___altoft                                cstackBANK0  000081
?___awtoft                                cstackBANK0  000060
?___ftadd                                 cstackBANK0  000075
?___ftdiv                                 cstackBANK0  000063
?___ftmul                                 cstackBANK0  000063
?___ftneg                                 cstackBANK0  000072
?___ftpack                                cstackCOMRAM 00002B
?___ftsub                                 cstackBANK0  000081
?___fttol                                 cstackBANK0  000072
?___lltoft                                cstackBANK0  000060
?___wmul                                  cstackCOMRAM 00002B
?_eval_poly                               cstackBANK0  000081
?_exp                                     cstackBANK0  000094
?_floor                                   cstackBANK0  00008B
?_frexp                                   cstackCOMRAM 00002B
?_ldexp                                   cstackBANK0  00008D
?_log                                     cstackBANK0  00008D
?_pow                                     cstackBANK0  00009D
APP_DeviceMouseIdleRateCallback@idleRate  cstackCOMRAM 000001
APP_DeviceMouseIdleRateCallback@reportId  cstackCOMRAM 000004
APP_DeviceMouseTasks@accx                 cstackCOMRAM 00002C
APP_DeviceMouseTasks@accy                 cstackCOMRAM 00002E
APP_DeviceMouseTasks@accz                 cstackCOMRAM 000030
APP_DeviceMouseTasks@currentButtonState   cstackCOMRAM 000032
APP_LEDUpdateUSBStatus@ledCount           bssCOMRAM    000046
BUTTON_Enable@button                      cstackCOMRAM 00002B
BUTTON_IsPressed@button                   cstackCOMRAM 00002B
LCDcmd@byte                               cstackCOMRAM 00002D
LCDdata@byte                              cstackCOMRAM 00002E
LCDdouble@a                               cstackBANK0  0000AE
LCDdouble@digit                           cstackBANK0  0000BC
LCDdouble@i                               cstackBANK0  0000BE
LCDdouble@zflag                           cstackBANK0  0000B7
LCDnibble@nibble                          cstackCOMRAM 00002C
LCDstring@i                               cstackCOMRAM 000031
LCDstring@str                             cstackCOMRAM 00002F
LED_Enable@led                            cstackCOMRAM 00002B
LED_Off@led                               cstackCOMRAM 000001
LED_On@led                                cstackCOMRAM 000001
MPU6050_ReadAccX@accx                     cstackBANK0  000062
MPU6050_ReadAccX@accxh                    cstackBANK0  000064
MPU6050_ReadAccX@accxl                    cstackBANK0  000066
MPU6050_ReadAccX@write                    cstackBANK0  000060
MPU6050_ReadAccY@accy                     cstackBANK0  000062
MPU6050_ReadAccY@accyh                    cstackBANK0  000064
MPU6050_ReadAccY@accyl                    cstackBANK0  000066
MPU6050_ReadAccY@write                    cstackBANK0  000060
MPU6050_ReadAccZ@accz                     cstackBANK0  000062
MPU6050_ReadAccZ@acczh                    cstackBANK0  000064
MPU6050_ReadAccZ@acczl                    cstackBANK0  000066
MPU6050_ReadAccZ@write                    cstackBANK0  000060
OpenI2C@slew                              cstackCOMRAM 00002B
OpenI2C@sync_mode                         cstackCOMRAM 00002C
SYSTEM_Initialize@state                   cstackCOMRAM 00002C
USBConfigureEndpoint@EPNum                cstackCOMRAM 000006
USBConfigureEndpoint@direction            cstackCOMRAM 000001
USBConfigureEndpoint@handle               cstackCOMRAM 000007
USBCtrlTrfInHandler@lastDTS               cstackCOMRAM 000002
USBCtrlTrfRxService@byteToRead            cstackCOMRAM 000002
USBCtrlTrfRxService@i                     cstackCOMRAM 000001
USBCtrlTrfTxService@byteToSend            cstackCOMRAM 000001
USBDeviceInit@i                           cstackCOMRAM 000033
USBDeviceTasks@i                          cstackCOMRAM 00001C
USBEnableEndpoint@ep                      cstackCOMRAM 00000C
USBEnableEndpoint@options                 cstackCOMRAM 000009
USBEnableEndpoint@p                       cstackCOMRAM 00000A
USBStdFeatureReqHandler@current_ep_data   cstackCOMRAM 000018
USBStdFeatureReqHandler@p                 cstackCOMRAM 000019
USBStdFeatureReqHandler@pUEP              cstackCOMRAM 000016
USBStdGetStatusHandler@p                  cstackCOMRAM 000002
USBStdSetCfgHandler@i                     cstackCOMRAM 000015
USBTransferOnePacket@data                 cstackCOMRAM 000002
USBTransferOnePacket@dir                  cstackCOMRAM 000001
USBTransferOnePacket@ep                   cstackCOMRAM 000005
USBTransferOnePacket@handle               cstackCOMRAM 000006
USBTransferOnePacket@len                  cstackCOMRAM 000004
USER_USB_CALLBACK_EVENT_HANDLER@event     cstackCOMRAM 00000D
USER_USB_CALLBACK_EVENT_HANDLER@pdata     cstackCOMRAM 00000F
USER_USB_CALLBACK_EVENT_HANDLER@size      cstackCOMRAM 000011
WriteI2C@data_out                         cstackCOMRAM 00002C
_ADCON0                                   (abs)        000FC2
_ADCON0bits                               (abs)        000FC2
_ADCON1bits                               (abs)        000FC1
_ADCON2                                   (abs)        000FC0
_ADCON2bits                               (abs)        000FC0
_ADRESH                                   (abs)        000FC4
_ADRESL                                   (abs)        000FC3
_APP_DeviceMouseIdleRateCallback          text65       002F86
_APP_DeviceMouseInitialize                text71       00311E
_APP_DeviceMouseSOFHandler                text69       001E06
_APP_DeviceMouseTasks                     text40       002D48
_APP_LEDUpdateUSBStatus                   text66       0029D4
_BDT                                      (abs)        000400
_BUTTON_Enable                            text6        00328A
_BUTTON_IsPressed                         text41       002EE2
_BothEP0OutUOWNsSet                       bssCOMRAM    000050
_CtrlTrfData                              (abs)        000428
_INTCONbits                               (abs)        000FF2
_IPR2bits                                 (abs)        000FA2
_IdleI2C                                  text14       003336
_LATD                                     (abs)        000F8C
_LATDbits                                 (abs)        000F8C
_LCDcmd                                   text17       003320
_LCDdata                                  text38       0031F6
_LCDdouble                                text18       000902
_LCDdouble$4050                           cstackBANK0  0000B9
_LCDdouble$4051                           cstackBANK0  0000B1
_LCDdouble$4052                           cstackBANK0  0000B4
_LCDinit                                  text16       002B3C
_LCDnibble                                text39       003178
_LCDstring                                text15       003028
_LED_Enable                               text5        002F1A
_LED_Off                                  text68       002FF2
_LED_On                                   text67       002FBC
_MPU6050_Init                             text12       002ACA
_MPU6050_ReadAccX                         text10       002342
_MPU6050_ReadAccY                         text9        00228E
_MPU6050_ReadAccZ                         text8        0021DA
_OpenI2C                                  text7        0032CE
_PIE2bits                                 (abs)        000FA0
_PIR1bits                                 (abs)        000F9E
_PIR2bits                                 (abs)        000FA1
_PORTBbits                                (abs)        000F81
_RCONbits                                 (abs)        000FD0
_ReadI2C                                  text11       0032EC
_RemoteWakeup                             bssCOMRAM    000051
_SSPADD                                   (abs)        000FC8
_SSPBUF                                   (abs)        000FC9
_SSPCON1                                  (abs)        000FC6
_SSPCON1bits                              (abs)        000FC6
_SSPCON2                                  (abs)        000FC5
_SSPCON2bits                              (abs)        000FC5
_SSPSTAT                                  (abs)        000FC7
_SSPSTATbits                              (abs)        000FC7
_SYSTEM_Initialize                        text4        003242
_SYS_InterruptHigh                        intcode      000008
_SetupPkt                                 (abs)        000420
_TRISAbits                                (abs)        000F92
_TRISBbits                                (abs)        000F93
_TRISD                                    (abs)        000F95
_TRISDbits                                (abs)        000F95
_UADDR                                    (abs)        000F6E
_UCFG                                     (abs)        000F6F
_UCON                                     (abs)        000F6D
_UCONbits                                 (abs)        000F6D
_UEIE                                     (abs)        000F6B
_UEIR                                     (abs)        000F6A
_UEP0                                     (abs)        000F70
_UEP0bits                                 (abs)        000F70
_UEP1                                     (abs)        000F71
_UIE                                      (abs)        000F69
_UIEbits                                  (abs)        000F69
_UIR                                      (abs)        000F68
_UIRbits                                  (abs)        000F68
_USB1msTickCount                          bssBANK0     0000CF
_USBActiveConfiguration                   bssCOMRAM    00005C
_USBAlternateInterface                    bssCOMRAM    00005D
_USBBusIsSuspended                        bssCOMRAM    000052
_USBCheckHIDRequest                       text64       001A8A
_USBCheckStdRequest                       text54       001D2C
_USBConfigureEndpoint                     text73       00268A
_USBCtrlEPAllowDataStage                  text53       0025F0
_USBCtrlEPAllowStatusStage                text76       001FA8
_USBCtrlEPService                         text49       00283E
_USBCtrlEPServiceComplete                 text52       001998
_USBCtrlTrfInHandler                      text77       002124
_USBCtrlTrfOutHandler                     text74       002CEC
_USBCtrlTrfRxService                      text75       001794
_USBCtrlTrfSetupHandler                   text51       0028CE
_USBCtrlTrfTxService                      text78       001EDA
_USBDeferINDataStagePackets               bssCOMRAM    000053
_USBDeferOUTDataStagePackets              bssBANK0     0000F5
_USBDeferStatusStagePacket                bssCOMRAM    000054
_USBDeviceAttach                          text3        003090
_USBDeviceInit                            text1        001064
_USBDeviceState                           bssCOMRAM    000055
_USBDeviceTasks                           text43       001430
_USBEnableEndpoint                        text72       002EA6
_USBIncrement1msInternalTimers            text48       00321C
_USBStallHandler                          text47       002DE8
_USBStatusStageEnabledFlag1               bssCOMRAM    000056
_USBStatusStageEnabledFlag2               bssCOMRAM    000057
_USBStatusStageTimeoutCounter             bssCOMRAM    000058
_USBStdFeatureReqHandler                  text59       00001A
_USBStdGetDscHandler                      text58       00155C
_USBStdGetStatusHandler                   text57       0024A4
_USBStdSetCfgHandler                      text55       001C50
_USBSuspend                               text46       0030F0
_USBTicksSinceSuspendEnd                  bssBANK0     0000F6
_USBTransferOnePacket                     text70       00206A
_USBWakeFromSuspend                       text45       00305C
_USB_CD_Ptr                               mediumconst  007EF7
_USB_SD_Ptr                               mediumconst  007EE9
_USER_USB_CALLBACK_EVENT_HANDLER          text60       002952
_USTAT                                    (abs)        000F6C
_USTATcopy                                bssCOMRAM    00005E
_WriteI2C                                 text13       002C8E
__CFG_BOR$ON                              (abs)        000000
__CFG_BORV$3                              (abs)        000000
__CFG_CP0$OFF                             (abs)        000000
__CFG_CP1$OFF                             (abs)        000000
__CFG_CPB$OFF                             (abs)        000000
__CFG_CPUDIV$OSC1_PLL2                    (abs)        000000
__CFG_EBTR0$OFF                           (abs)        000000
__CFG_EBTR1$OFF                           (abs)        000000
__CFG_EBTRB$OFF                           (abs)        000000
__CFG_FCMEN$OFF                           (abs)        000000
__CFG_FOSC$HSPLL_HS                       (abs)        000000
__CFG_IESO$OFF                            (abs)        000000
__CFG_LPT1OSC$OFF                         (abs)        000000
__CFG_LVP$OFF                             (abs)        000000
__CFG_MCLRE$OFF                           (abs)        000000
__CFG_PBADEN$OFF                          (abs)        000000
__CFG_PLLDIV$5                            (abs)        000000
__CFG_PWRT$OFF                            (abs)        000000
__CFG_STVREN$ON                           (abs)        000000
__CFG_USBDIV$2                            (abs)        000000
__CFG_VREGEN$ON                           (abs)        000000
__CFG_WDT$OFF                             (abs)        000000
__CFG_WDTPS$32768                         (abs)        000000
__CFG_WRT0$OFF                            (abs)        000000
__CFG_WRT1$OFF                            (abs)        000000
__CFG_WRTB$OFF                            (abs)        000000
__CFG_WRTC$OFF                            (abs)        000000
__CFG_XINST$OFF                           (abs)        000000
__HRAM                                    (abs)        000000
__Habs1                                   abs1         000000
__Hbank0                                  bank0        000000
__Hbank1                                  bank1        000000
__Hbank2                                  bank2        000000
__Hbank3                                  bank3        000000
__Hbank4                                  bank4        000000
__Hbank5                                  bank5        000000
__Hbank6                                  bank6        000000
__Hbank7                                  bank7        000000
__Hbigbss                                 bigbss       000000
__Hbigdata                                bigdata      000000
__Hbigram                                 bigram       000000
__Hbss                                    bss          000000
__HbssBANK0                               bssBANK0     000000
__HbssBANK1                               bssBANK1     000000
__HbssCOMRAM                              bssCOMRAM    000000
__Hcinit                                  cinit        000000
__Hclrtext                                clrtext      000000
__Hcomram                                 comram       000000
__Hconfig                                 config       30000E
__Hconst                                  const        000000
__HcstackBANK0                            cstackBANK0  000000
__HcstackCOMRAM                           cstackCOMRAM 000000
__Hdata                                   data         000000
__HdataBANK0                              dataBANK0    000000
__HdataBANK1                              dataBANK1    000000
__Heeprom_data                            eeprom_data  000000
__Hend_init                               end_init     00001A
__Hfarbss                                 farbss       000000
__Hfardata                                fardata      000000
__Hibigdata                               ibigdata     000000
__Hidata                                  idata        000000
__HidataBANK0                             idataBANK0   000000
__HidataBANK1                             idataBANK1   000000
__Hidloc                                  idloc        200008
__Hifardata                               ifardata     000000
__Hinit                                   init         000016
__Hintcode                                intcode      000016
__Hintcode_body                           intcode_body 000000
__Hintcodelo                              intcodelo    000016
__Hintentry                               intentry     000000
__Hintret                                 intret       000000
__Hintsave_regs                           intsave_regs 000000
__Hirdata                                 irdata       000000
__Hmediumconst                            mediumconst  008000
__HnvFARRAM                               nvFARRAM     000000
__Hnvbit                                  nvbit        000000
__Hnvrram                                 nvrram       000000
__Hparam                                  rparam       000000
__Hpowerup                                powerup      000016
__Hram                                    ram          000000
__Hramtop                                 ramtop       000800
__Hrbit                                   rbit         000000
__Hrbss                                   rbss         000000
__Hrdata                                  rdata        000000
__Hreset_vec                              reset_vec    000004
__Hrparam                                 rparam       000000
__Hsfr                                    sfr          000000
__Hsmallconst                             smallconst   000000
__Hspace_0                                (abs)        30000E
__Hspace_1                                (abs)        00011B
__Hspace_2                                (abs)        000000
__Hstack                                  stack        000000
__Hstruct                                 struct       000000
__Htemp                                   temp         000060
__Htext                                   text         000000
__Htext0                                  text0        000000
__Htext1                                  text1        000000
__Htext10                                 text10       000000
__Htext11                                 text11       000000
__Htext12                                 text12       000000
__Htext13                                 text13       000000
__Htext14                                 text14       000000
__Htext15                                 text15       000000
__Htext16                                 text16       000000
__Htext17                                 text17       000000
__Htext18                                 text18       000000
__Htext19                                 text19       000000
__Htext2                                  text2        000000
__Htext20                                 text20       000000
__Htext21                                 text21       000000
__Htext22                                 text22       000000
__Htext23                                 text23       000000
__Htext24                                 text24       000000
__Htext25                                 text25       000000
__Htext26                                 text26       000000
__Htext27                                 text27       000000
__Htext28                                 text28       000000
__Htext29                                 text29       000000
__Htext3                                  text3        000000
__Htext30                                 text30       000000
__Htext31                                 text31       000000
__Htext32                                 text32       000000
__Htext33                                 text33       000000
__Htext34                                 text34       000000
__Htext35                                 text35       000000
__Htext36                                 text36       000000
__Htext37                                 text37       000000
__Htext38                                 text38       000000
__Htext39                                 text39       000000
__Htext4                                  text4        000000
__Htext40                                 text40       000000
__Htext41                                 text41       000000
__Htext43                                 text43       000000
__Htext44                                 text44       000000
__Htext45                                 text45       000000
__Htext46                                 text46       000000
__Htext47                                 text47       000000
__Htext48                                 text48       000000
__Htext49                                 text49       000000
__Htext5                                  text5        000000
__Htext50                                 text50       000000
__Htext51                                 text51       000000
__Htext52                                 text52       000000
__Htext53                                 text53       000000
__Htext54                                 text54       000000
__Htext55                                 text55       000000
__Htext56                                 text56       000000
__Htext57                                 text57       000000
__Htext58                                 text58       000000
__Htext59                                 text59       000000
__Htext6                                  text6        000000
__Htext60                                 text60       000000
__Htext61                                 text61       000000
__Htext62                                 text62       000000
__Htext63                                 text63       000000
__Htext64                                 text64       000000
__Htext65                                 text65       000000
__Htext66                                 text66       000000
__Htext67                                 text67       000000
__Htext68                                 text68       000000
__Htext69                                 text69       000000
__Htext7                                  text7        000000
__Htext70                                 text70       000000
__Htext71                                 text71       000000
__Htext72                                 text72       000000
__Htext73                                 text73       000000
__Htext74                                 text74       000000
__Htext75                                 text75       000000
__Htext76                                 text76       000000
__Htext77                                 text77       000000
__Htext78                                 text78       000000
__Htext8                                  text8        000000
__Htext9                                  text9        000000
__LRAM                                    (abs)        000001
__Labs1                                   abs1         000000
__Lbank0                                  bank0        000000
__Lbank1                                  bank1        000000
__Lbank2                                  bank2        000000
__Lbank3                                  bank3        000000
__Lbank4                                  bank4        000000
__Lbank5                                  bank5        000000
__Lbank6                                  bank6        000000
__Lbank7                                  bank7        000000
__Lbigbss                                 bigbss       000000
__Lbigdata                                bigdata      000000
__Lbigram                                 bigram       000000
__Lbss                                    bss          000000
__LbssBANK0                               bssBANK0     000000
__LbssBANK1                               bssBANK1     000000
__LbssCOMRAM                              bssCOMRAM    000000
__Lcinit                                  cinit        000000
__Lclrtext                                clrtext      000000
__Lcomram                                 comram       000000
__Lconfig                                 config       300000
__Lconst                                  const        000000
__LcstackBANK0                            cstackBANK0  000000
__LcstackCOMRAM                           cstackCOMRAM 000000
__Ldata                                   data         000000
__LdataBANK0                              dataBANK0    000000
__LdataBANK1                              dataBANK1    000000
__Leeprom_data                            eeprom_data  000000
__Lend_init                               end_init     000016
__Lfarbss                                 farbss       000000
__Lfardata                                fardata      000000
__Libigdata                               ibigdata     000000
__Lidata                                  idata        000000
__LidataBANK0                             idataBANK0   000000
__LidataBANK1                             idataBANK1   000000
__Lidloc                                  idloc        200000
__Lifardata                               ifardata     000000
__Linit                                   init         000016
__Lintcode                                intcode      000008
__Lintcode_body                           intcode_body 000000
__Lintcodelo                              intcodelo    000016
__Lintentry                               intentry     000000
__Lintret                                 intret       000000
__Lintsave_regs                           intsave_regs 000000
__Lirdata                                 irdata       000000
__Lmediumconst                            mediumconst  007EE8
__LnvFARRAM                               nvFARRAM     000000
__Lnvbit                                  nvbit        000000
__Lnvrram                                 nvrram       000000
__Lparam                                  rparam       000000
__Lpowerup                                powerup      000016
__Lram                                    ram          000000
__Lramtop                                 ramtop       000800
__Lrbit                                   rbit         000000
__Lrbss                                   rbss         000000
__Lrdata                                  rdata        000000
__Lreset_vec                              reset_vec    000000
__Lrparam                                 rparam       000000
__Lsfr                                    sfr          000000
__Lsmallconst                             smallconst   000000
__Lspace_0                                (abs)        000000
__Lspace_1                                (abs)        000000
__Lspace_2                                (abs)        000000
__Lstack                                  stack        000000
__Lstruct                                 struct       000000
__Ltemp                                   temp         00005F
__Ltext                                   text         000000
__Ltext0                                  text0        000000
__Ltext1                                  text1        000000
__Ltext10                                 text10       000000
__Ltext11                                 text11       000000
__Ltext12                                 text12       000000
__Ltext13                                 text13       000000
__Ltext14                                 text14       000000
__Ltext15                                 text15       000000
__Ltext16                                 text16       000000
__Ltext17                                 text17       000000
__Ltext18                                 text18       000000
__Ltext19                                 text19       000000
__Ltext2                                  text2        000000
__Ltext20                                 text20       000000
__Ltext21                                 text21       000000
__Ltext22                                 text22       000000
__Ltext23                                 text23       000000
__Ltext24                                 text24       000000
__Ltext25                                 text25       000000
__Ltext26                                 text26       000000
__Ltext27                                 text27       000000
__Ltext28                                 text28       000000
__Ltext29                                 text29       000000
__Ltext3                                  text3        000000
__Ltext30                                 text30       000000
__Ltext31                                 text31       000000
__Ltext32                                 text32       000000
__Ltext33                                 text33       000000
__Ltext34                                 text34       000000
__Ltext35                                 text35       000000
__Ltext36                                 text36       000000
__Ltext37                                 text37       000000
__Ltext38                                 text38       000000
__Ltext39                                 text39       000000
__Ltext4                                  text4        000000
__Ltext40                                 text40       000000
__Ltext41                                 text41       000000
__Ltext43                                 text43       000000
__Ltext44                                 text44       000000
__Ltext45                                 text45       000000
__Ltext46                                 text46       000000
__Ltext47                                 text47       000000
__Ltext48                                 text48       000000
__Ltext49                                 text49       000000
__Ltext5                                  text5        000000
__Ltext50                                 text50       000000
__Ltext51                                 text51       000000
__Ltext52                                 text52       000000
__Ltext53                                 text53       000000
__Ltext54                                 text54       000000
__Ltext55                                 text55       000000
__Ltext56                                 text56       000000
__Ltext57                                 text57       000000
__Ltext58                                 text58       000000
__Ltext59                                 text59       000000
__Ltext6                                  text6        000000
__Ltext60                                 text60       000000
__Ltext61                                 text61       000000
__Ltext62                                 text62       000000
__Ltext63                                 text63       000000
__Ltext64                                 text64       000000
__Ltext65                                 text65       000000
__Ltext66                                 text66       000000
__Ltext67                                 text67       000000
__Ltext68                                 text68       000000
__Ltext69                                 text69       000000
__Ltext7                                  text7        000000
__Ltext70                                 text70       000000
__Ltext71                                 text71       000000
__Ltext72                                 text72       000000
__Ltext73                                 text73       000000
__Ltext74                                 text74       000000
__Ltext75                                 text75       000000
__Ltext76                                 text76       000000
__Ltext77                                 text77       000000
__Ltext78                                 text78       000000
__Ltext8                                  text8        000000
__Ltext9                                  text9        000000
__S0                                      (abs)        30000E
__S1                                      (abs)        00011B
__S2                                      (abs)        000000
___altoft                                 text27       002552
___altoft@c                               cstackBANK0  000081
___altoft@exp                             cstackBANK0  000089
___altoft@sign                            cstackBANK0  00008A
___awtoft                                 text35       002E6A
___awtoft@c                               cstackBANK0  000060
___awtoft@sign                            cstackCOMRAM 000033
___ftadd                                  text32       000296
___ftadd@exp1                             cstackBANK0  000080
___ftadd@exp2                             cstackBANK0  00007F
___ftadd@f1                               cstackBANK0  000075
___ftadd@f2                               cstackBANK0  000078
___ftadd@sign                             cstackBANK0  00007E
___ftdiv                                  text34       000F18
___ftdiv@cntr                             cstackBANK0  00006C
___ftdiv@exp                              cstackBANK0  000070
___ftdiv@f1                               cstackBANK0  000063
___ftdiv@f2                               cstackBANK0  000066
___ftdiv@f3                               cstackBANK0  00006D
___ftdiv@sign                             cstackBANK0  000071
___ftge                                   text26       0027AE
___ftge@ff1                               cstackCOMRAM 00002B
___ftge@ff2                               cstackCOMRAM 00002E
___ftmul                                  text30       000C6E
___ftmul@cntr                             cstackBANK0  000070
___ftmul@exp                              cstackBANK0  00006C
___ftmul@f1                               cstackBANK0  000063
___ftmul@f2                               cstackBANK0  000066
___ftmul@f3_as_product                    cstackBANK0  00006D
___ftmul@sign                             cstackBANK0  000071
___ftneg                                  text33       0030C0
___ftneg@f1                               cstackBANK0  000072
___ftpack                                 text37       0023F6
___ftpack@arg                             cstackCOMRAM 00002B
___ftpack@exp                             cstackCOMRAM 00002E
___ftpack@sign                            cstackCOMRAM 00002F
___ftsub                                  text31       002D9C
___ftsub@f1                               cstackBANK0  000081
___ftsub@f2                               cstackBANK0  000084
___fttol                                  text25       0011A8
___fttol@exp1                             cstackBANK0  000080
___fttol@f1                               cstackBANK0  000072
___fttol@lval                             cstackBANK0  00007C
___fttol@sign1                            cstackBANK0  00007B
___inthi_sp                               stack        000000
___intlo_sp                               stack        000000
___lltoft                                 text36       002A54
___lltoft@c                               cstackBANK0  000060
___lltoft@exp                             cstackCOMRAM 000033
___param_bank                             (abs)        000010
___rparam_used                            (abs)        000001
___sp                                     stack        000000
___wmul                                   text29       0031D0
___wmul@multiplicand                      cstackCOMRAM 00002D
___wmul@multiplier                        cstackCOMRAM 00002B
___wmul@product                           cstackCOMRAM 00002F
__accesstop                               (abs)        000060
__activetblptr                            (abs)        000002
__end_of_APP_DeviceMouseIdleRateCallback  text65       002FBC
__end_of_APP_DeviceMouseInitialize        text71       00314C
__end_of_APP_DeviceMouseSOFHandler        text69       001EDA
__end_of_APP_DeviceMouseTasks             text40       002D9C
__end_of_APP_LEDUpdateUSBStatus           text66       002A54
__end_of_BUTTON_Enable                    text6        0032AC
__end_of_BUTTON_IsPressed                 text41       002F1A
__end_of_IdleI2C                          text14       003348
__end_of_LCDcmd                           text17       003336
__end_of_LCDdata                          text38       00321C
__end_of_LCDdouble                        text18       000AC2
__end_of_LCDinit                          text16       002BAE
__end_of_LCDnibble                        text39       0031A4
__end_of_LCDstring                        text15       00305C
__end_of_LED_Enable                       text5        002F50
__end_of_LED_Off                          text68       003028
__end_of_LED_On                           text67       002FF2
__end_of_MPU6050_Init                     text12       002B3C
__end_of_MPU6050_ReadAccX                 text10       0023F6
__end_of_MPU6050_ReadAccY                 text9        002342
__end_of_MPU6050_ReadAccZ                 text8        00228E
__end_of_OpenI2C                          text7        0032EC
__end_of_ReadI2C                          text11       003308
__end_of_SYSTEM_Initialize                text4        003266
__end_of_SYS_InterruptHigh                intcode_body 002C20
__end_of_USBCheckHIDRequest               text64       001B70
__end_of_USBCheckStdRequest               text54       001E06
__end_of_USBConfigureEndpoint             text73       00271E
__end_of_USBCtrlEPAllowDataStage          text53       00268A
__end_of_USBCtrlEPAllowStatusStage        text76       00206A
__end_of_USBCtrlEPService                 text49       0028CE
__end_of_USBCtrlEPServiceComplete         text52       001A8A
__end_of_USBCtrlTrfInHandler              text77       0021DA
__end_of_USBCtrlTrfOutHandler             text74       002D48
__end_of_USBCtrlTrfRxService              text75       0018A0
__end_of_USBCtrlTrfSetupHandler           text51       002952
__end_of_USBCtrlTrfTxService              text78       001FA8
__end_of_USBDeviceAttach                  text3        0030C0
__end_of_USBDeviceInit                    text1        0011A8
__end_of_USBDeviceTasks                   text43       00155C
__end_of_USBEnableEndpoint                text72       002EE2
__end_of_USBIncrement1msInternalTimers    text48       003242
__end_of_USBStallHandler                  text47       002E2A
__end_of_USBStdFeatureReqHandler          text59       000296
__end_of_USBStdGetDscHandler              text58       00167C
__end_of_USBStdGetStatusHandler           text57       002552
__end_of_USBStdSetCfgHandler              text55       001D2C
__end_of_USBSuspend                       text46       00311E
__end_of_USBTransferOnePacket             text70       002124
__end_of_USBWakeFromSuspend               text45       003090
__end_of_USB_CD_Ptr                       mediumconst  007EF9
__end_of_USB_SD_Ptr                       mediumconst  007EEF
__end_of_USER_USB_CALLBACK_EVENT_HANDLER  text60       0029D4
__end_of_WriteI2C                         text13       002CEC
__end_of___altoft                         text27       0025F0
__end_of___awtoft                         text35       002EA6
__end_of___ftadd                          text32       0004FE
__end_of___ftdiv                          text34       001064
__end_of___ftge                           text26       00283E
__end_of___ftmul                          text30       000DCC
__end_of___ftneg                          text33       0030F0
__end_of___ftpack                         text37       0024A4
__end_of___ftsub                          text31       002DE8
__end_of___fttol                          text25       0012EC
__end_of___lltoft                         text36       002ACA
__end_of___wmul                           text29       0031F6
__end_of__initialization                  cinit        002C80
__end_of_configDescriptor1                mediumconst  007FAF
__end_of_device_dsc                       mediumconst  007FFA
__end_of_eval_poly                        text28       001C50
__end_of_exp                              text21       000728
__end_of_floor                            text23       001998
__end_of_frexp                            text24       0027AE
__end_of_hid_rpt01                        mediumconst  007F5F
__end_of_ldexp                            text22       001794
__end_of_log                              text20       000F18
__end_of_main                             text0        000902
__end_of_memcpy                           text50       002E6A
__end_of_memset                           text2        003178
__end_of_pow                              text19       000C6E
__end_of_sd000                            mediumconst  007FFE
__end_of_sd001                            mediumconst  007F2D
__end_of_sd002                            mediumconst  007F8D
__end_of_xVector                          mediumconst  007EF3
__end_of_yVector                          mediumconst  007EF7
__end_ofexp@coeff                         mediumconst  007FCD
__end_ofi2_BUTTON_Enable                  text63       0032CE
__end_ofi2_LED_Enable                     text62       002F86
__end_ofi2_SYSTEM_Initialize              text61       00328A
__end_ofi2_USBDeviceInit                  text44       001430
__end_ofi2_memset                         text56       0031D0
__end_oflog@coeff                         mediumconst  007FE8
__initialization                          cinit        002C20
__mediumconst                             mediumconst  007EE8
__pbssBANK0                               bssBANK0     0000C5
__pbssBANK1                               bssBANK1     000118
__pbssCOMRAM                              bssCOMRAM    000034
__pcinit                                  cinit        002C20
__pcstackBANK0                            cstackBANK0  000060
__pcstackCOMRAM                           cstackCOMRAM 000001
__pdataBANK0                              dataBANK0    0000F9
__pdataBANK1                              dataBANK1    000100
__pidataBANK0                             idataBANK0   003348
__pidataBANK1                             idataBANK1   003308
__pintcode                                intcode      000008
__pintcode_body                           intcode_body 002BAE
__pmediumconst                            mediumconst  007EE8
__ptext0                                  text0        000728
__ptext1                                  text1        001064
__ptext10                                 text10       002342
__ptext11                                 text11       0032EC
__ptext12                                 text12       002ACA
__ptext13                                 text13       002C8E
__ptext14                                 text14       003336
__ptext15                                 text15       003028
__ptext16                                 text16       002B3C
__ptext17                                 text17       003320
__ptext18                                 text18       000902
__ptext19                                 text19       000AC2
__ptext2                                  text2        00314C
__ptext20                                 text20       000DCC
__ptext21                                 text21       0004FE
__ptext22                                 text22       00167C
__ptext23                                 text23       0018A0
__ptext24                                 text24       00271E
__ptext25                                 text25       0011A8
__ptext26                                 text26       0027AE
__ptext27                                 text27       002552
__ptext28                                 text28       001B70
__ptext29                                 text29       0031D0
__ptext3                                  text3        003090
__ptext30                                 text30       000C6E
__ptext31                                 text31       002D9C
__ptext32                                 text32       000296
__ptext33                                 text33       0030C0
__ptext34                                 text34       000F18
__ptext35                                 text35       002E6A
__ptext36                                 text36       002A54
__ptext37                                 text37       0023F6
__ptext38                                 text38       0031F6
__ptext39                                 text39       003178
__ptext4                                  text4        003242
__ptext40                                 text40       002D48
__ptext41                                 text41       002EE2
__ptext43                                 text43       001430
__ptext44                                 text44       0012EC
__ptext45                                 text45       00305C
__ptext46                                 text46       0030F0
__ptext47                                 text47       002DE8
__ptext48                                 text48       00321C
__ptext49                                 text49       00283E
__ptext5                                  text5        002F1A
__ptext50                                 text50       002E2A
__ptext51                                 text51       0028CE
__ptext52                                 text52       001998
__ptext53                                 text53       0025F0
__ptext54                                 text54       001D2C
__ptext55                                 text55       001C50
__ptext56                                 text56       0031A4
__ptext57                                 text57       0024A4
__ptext58                                 text58       00155C
__ptext59                                 text59       00001A
__ptext6                                  text6        00328A
__ptext60                                 text60       002952
__ptext61                                 text61       003266
__ptext62                                 text62       002F50
__ptext63                                 text63       0032AC
__ptext64                                 text64       001A8A
__ptext65                                 text65       002F86
__ptext66                                 text66       0029D4
__ptext67                                 text67       002FBC
__ptext68                                 text68       002FF2
__ptext69                                 text69       001E06
__ptext7                                  text7        0032CE
__ptext70                                 text70       00206A
__ptext71                                 text71       00311E
__ptext72                                 text72       002EA6
__ptext73                                 text73       00268A
__ptext74                                 text74       002CEC
__ptext75                                 text75       001794
__ptext76                                 text76       001FA8
__ptext77                                 text77       002124
__ptext78                                 text78       001EDA
__ptext8                                  text8        0021DA
__ptext9                                  text9        00228E
__ramtop                                  ramtop       000800
__size_of_APP_DeviceMouseIdleRateCallback (abs)        000000
__size_of_APP_DeviceMouseInitialize       (abs)        000000
__size_of_APP_DeviceMouseSOFHandler       (abs)        000000
__size_of_APP_DeviceMouseTasks            (abs)        000000
__size_of_APP_LEDUpdateUSBStatus          (abs)        000000
__size_of_BUTTON_Enable                   (abs)        000000
__size_of_BUTTON_IsPressed                (abs)        000000
__size_of_IdleI2C                         (abs)        000000
__size_of_LCDcmd                          (abs)        000000
__size_of_LCDdata                         (abs)        000000
__size_of_LCDdouble                       (abs)        000000
__size_of_LCDinit                         (abs)        000000
__size_of_LCDnibble                       (abs)        000000
__size_of_LCDstring                       (abs)        000000
__size_of_LED_Enable                      (abs)        000000
__size_of_LED_Off                         (abs)        000000
__size_of_LED_On                          (abs)        000000
__size_of_MPU6050_Init                    (abs)        000000
__size_of_MPU6050_ReadAccX                (abs)        000000
__size_of_MPU6050_ReadAccY                (abs)        000000
__size_of_MPU6050_ReadAccZ                (abs)        000000
__size_of_OpenI2C                         (abs)        000000
__size_of_ReadI2C                         (abs)        000000
__size_of_SYSTEM_Initialize               (abs)        000000
__size_of_SYS_InterruptHigh               (abs)        000000
__size_of_USBCheckHIDRequest              (abs)        000000
__size_of_USBCheckStdRequest              (abs)        000000
__size_of_USBConfigureEndpoint            (abs)        000000
__size_of_USBCtrlEPAllowDataStage         (abs)        000000
__size_of_USBCtrlEPAllowStatusStage       (abs)        000000
__size_of_USBCtrlEPService                (abs)        000000
__size_of_USBCtrlEPServiceComplete        (abs)        000000
__size_of_USBCtrlTrfInHandler             (abs)        000000
__size_of_USBCtrlTrfOutHandler            (abs)        000000
__size_of_USBCtrlTrfRxService             (abs)        000000
__size_of_USBCtrlTrfSetupHandler          (abs)        000000
__size_of_USBCtrlTrfTxService             (abs)        000000
__size_of_USBDeviceAttach                 (abs)        000000
__size_of_USBDeviceInit                   (abs)        000000
__size_of_USBDeviceTasks                  (abs)        000000
__size_of_USBEnableEndpoint               (abs)        000000
__size_of_USBIncrement1msInternalTimers   (abs)        000000
__size_of_USBStallHandler                 (abs)        000000
__size_of_USBStdFeatureReqHandler         (abs)        000000
__size_of_USBStdGetDscHandler             (abs)        000000
__size_of_USBStdGetStatusHandler          (abs)        000000
__size_of_USBStdSetCfgHandler             (abs)        000000
__size_of_USBSuspend                      (abs)        000000
__size_of_USBTransferOnePacket            (abs)        000000
__size_of_USBWakeFromSuspend              (abs)        000000
__size_of_USER_USB_CALLBACK_EVENT_HANDLER (abs)        000000
__size_of_WriteI2C                        (abs)        000000
__size_of___altoft                        (abs)        000000
__size_of___awtoft                        (abs)        000000
__size_of___ftadd                         (abs)        000000
__size_of___ftdiv                         (abs)        000000
__size_of___ftge                          (abs)        000000
__size_of___ftmul                         (abs)        000000
__size_of___ftneg                         (abs)        000000
__size_of___ftpack                        (abs)        000000
__size_of___ftsub                         (abs)        000000
__size_of___fttol                         (abs)        000000
__size_of___lltoft                        (abs)        000000
__size_of___wmul                          (abs)        000000
__size_of_eval_poly                       (abs)        000000
__size_of_exp                             (abs)        000000
__size_of_floor                           (abs)        000000
__size_of_frexp                           (abs)        000000
__size_of_ldexp                           (abs)        000000
__size_of_log                             (abs)        000000
__size_of_main                            (abs)        000000
__size_of_memcpy                          (abs)        000000
__size_of_memset                          (abs)        000000
__size_of_pow                             (abs)        000000
__size_ofi2_BUTTON_Enable                 (abs)        000000
__size_ofi2_LED_Enable                    (abs)        000000
__size_ofi2_SYSTEM_Initialize             (abs)        000000
__size_ofi2_USBDeviceInit                 (abs)        000000
__size_ofi2_memset                        (abs)        000000
__smallconst                              smallconst   000000
_accx                                     bssBANK0     0000DD
_accy                                     bssBANK0     0000DF
_accz                                     bssBANK0     0000E1
_active_protocol                          bssBANK0     0000F7
_acx                                      bssBANK0     0000E3
_acy                                      bssBANK0     0000E5
_acz                                      bssBANK0     0000E7
_ax                                       dataBANK1    00010C
_ay                                       dataBANK1    000110
_az                                       dataBANK1    000114
_configDescriptor1                        mediumconst  007F8D
_controlTransferState                     bssCOMRAM    000059
_device_dsc                               mediumconst  007FE8
_endpoint_number                          bssCOMRAM    00005A
_ep_data_in                               bssCOMRAM    000048
_ep_data_out                              bssCOMRAM    00004A
_errno                                    bssBANK0     0000E9
_eval_poly                                text28       001B70
_exp                                      text21       0004FE
_exp$4055                                 cstackBANK0  000097
_floor                                    text23       0018A0
_frexp                                    text24       00271E
_gforcescale                              dataBANK0    0000F9
_gforcex                                  bssBANK0     0000D7
_gforcey                                  bssBANK0     0000DA
_gforcez                                  bssBANK1     000118
_gx                                       dataBANK1    000100
_gy                                       dataBANK1    000104
_gyrox                                    bssBANK0     0000EB
_gyroy                                    bssBANK0     0000ED
_gyroz                                    bssBANK0     0000EF
_gz                                       dataBANK1    000108
_hid_rpt01                                mediumconst  007F2D
_idle_rate                                bssBANK0     0000F8
_inPipes                                  bssCOMRAM    00003C
_ldexp                                    text22       00167C
_log                                      text20       000DCC
_main                                     text0        000728
_main$4049                                cstackBANK0  0000C2
_memcpy                                   text50       002E2A
_memset                                   text2        00314C
_mouse                                    bssBANK0     0000C5
_mouseReport                              (abs)        000500
_outPipes                                 bssCOMRAM    000034
_pBDTEntryEP0OutCurrent                   bssCOMRAM    00004C
_pBDTEntryEP0OutNext                      bssCOMRAM    00004E
_pBDTEntryIn                              bssCOMRAM    000042
_pBDTEntryOut                             bssBANK0     0000D3
_pDst                                     bssBANK0     0000F1
_pow                                      text19       000AC2
_pow$4053                                 cstackBANK0  0000A3
_pow$4054                                 cstackBANK0  0000A6
_sd000                                    mediumconst  007FFA
_sd001                                    mediumconst  007EF9
_sd002                                    mediumconst  007F5F
_shortPacketStatus                        bssCOMRAM    00005B
_sign                                     dataBANK0    0000FC
_x                                        bssBANK0     0000F3
btemp                                     temp         00005F
end_of_initialization                     cinit        002C80
eval_poly@d                               cstackBANK0  000084
eval_poly@n                               cstackBANK0  000086
eval_poly@res                             cstackBANK0  00008A
eval_poly@x                               cstackBANK0  000081
exp@coeff                                 mediumconst  007FAF
exp@exponent                              cstackBANK0  00009A
exp@sign                                  cstackBANK0  00009C
exp@x                                     cstackBANK0  000094
floor@expon                               cstackBANK0  000091
floor@i                                   cstackBANK0  00008E
floor@x                                   cstackBANK0  00008B
frexp@eptr                                cstackCOMRAM 00002E
frexp@value                               cstackCOMRAM 00002B
i2BUTTON_Enable@button                    cstackCOMRAM 000001
i2LED_Enable@led                          cstackCOMRAM 000001
i2SYSTEM_Initialize@state                 cstackCOMRAM 000002
i2USBDeviceInit@i                         cstackCOMRAM 000009
i2_BUTTON_Enable                          text63       0032AC
i2_LED_Enable                             text62       002F50
i2_SYSTEM_Initialize                      text61       003266
i2_USBDeviceInit                          text44       0012EC
i2_memset                                 text56       0031A4
i2memset@c                                cstackCOMRAM 000003
i2memset@n                                cstackCOMRAM 000005
i2memset@p                                cstackCOMRAM 000007
i2memset@p1                               cstackCOMRAM 000001
int$flags                                 temp         00005F
int_func                                  intcode_body 002BAE
intlevel0                                 text         000000
intlevel1                                 text         000000
intlevel2                                 text         000000
[...]
 Defined at:
		line 1013 in file "../../../../../../framework/usb/src/usb_device.c"
 Parameters:    Size  Location     Type
  ep              1    wreg     unsigned char 
  dir             1    0[COMRAM] unsigned char 
  data            2    1[COMRAM] PTR unsigned char 
		 -> mouseReport(3), 
  len             1    3[COMRAM] unsigned char 
 Auto vars:     Size  Location     Type
  ep              1    4[COMRAM] unsigned char 
  handle          2    5[COMRAM] PTR volatile struct __BD
		 -> BDT(32), NULL(0), 
 Return value:  Size  Location     Type
                  2    0[COMRAM] PTR void 
 Registers used:
		wreg, fsr2l, fsr2h, status,2, status,0, prodl, prodh
 Tracked objects:
		On entry : 
		On exit  : 
		Unchanged: 
 Data sizes:     COMRAM   BANK0   BANK1   BANK2   BANK3   BANK4   BANK5   BANK6   BANK7
      Params:         4       0       0       0       0       0       0       0       0
      Locals:         3       0       0       0       0       0       0       0       0
      Temps:          0       0       0       0       0       0       0       0       0
      Totals:         7       0       0       0       0       0       0       0       0
Total ram usage:        7 bytes
 Hardware stack levels used:    1
 This function calls:
		Nothing
 This function is called by:
		_APP_DeviceMouseSOFHandler
 This function uses a non-reentrant model


 *************** function _APP_DeviceMouseInitialize *****************
 Defined at:
		line 212 in file "../src/app_device_mouse.c"
 Parameters:    Size  Location     Type
		None
 Auto vars:     Size  Location     Type
		None
 Return value:  Size  Location     Type
		None               void
 Registers used:
		wreg, fsr2l, fsr2h, status,2, status,0, prodl, prodh, cstack
 Tracked objects:
		On entry : 
		On exit  : 
		Unchanged: 
 Data sizes:     COMRAM   BANK0   BANK1   BANK2   BANK3   BANK4   BANK5   BANK6   BANK7
      Params:         0       0       0       0       0       0       0       0       0
      Locals:         0       0       0       0       0       0       0       0       0
      Temps:          0       0       0       0       0       0       0       0       0
      Totals:         0       0       0       0       0       0       0       0       0
Total ram usage:        0 bytes
 Hardware stack levels used:    1
 Hardware stack levels required when called:    2
 This function calls:
		_USBEnableEndpoint
 This function is called by:
		_USER_USB_CALLBACK_EVENT_HANDLER
 This function uses a non-reentrant model


 *************** function _USBEnableEndpoint *****************
 Defined at:
		line 896 in file "../../../../../../framework/usb/src/usb_device.c"
 Parameters:    Size  Location     Type
  ep              1    wreg     unsigned char 
  options         1    8[COMRAM] unsigned char 
 Auto vars:     Size  Location     Type
  ep              1   11[COMRAM] unsigned char 
  p               2    9[COMRAM] PTR unsigned char 
		 -> UEP0(1), 
 Return value:  Size  Location     Type
		None               void
 Registers used:
		wreg, fsr2l, fsr2h, status,2, status,0, prodl, prodh, cstack
 Tracked objects:
		On entry : 
		On exit  : 
		Unchanged: 
 Data sizes:     COMRAM   BANK0   BANK1   BANK2   BANK3   BANK4   BANK5   BANK6   BANK7
      Params:         1       0       0       0       0       0       0       0       0
      Locals:         3       0       0       0       0       0       0       0       0
      Temps:          0       0       0       0       0       0       0       0       0
      Totals:         4       0       0       0       0       0       0       0       0
Total ram usage:        4 bytes
 Hardware stack levels used:    1
 Hardware stack levels required when called:    1
 This function calls:
		_USBConfigureEndpoint
 This function is called by:
		_APP_DeviceMouseInitialize
 This function uses a non-reentrant model


 *************** function _USBConfigureEndpoint *****************
 Defined at:
		line 1561 in file "../../../../../../framework/usb/src/usb_device.c"
 Parameters:    Size  Location     Type
  EPNum           1    wreg     unsigned char 
  direction       1    0[COMRAM] unsigned char 
 Auto vars:     Size  Location     Type
  EPNum           1    5[COMRAM] unsigned char 
  handle          2    6[COMRAM] PTR volatile struct __BD
		 -> BDT(32), 
 Return value:  Size  Location     Type
		None               void
 Registers used:
		wreg, fsr2l, fsr2h, status,2, status,0, prodl, prodh
 Tracked objects:
		On entry : 
		On exit  : 
		Unchanged: 
 Data sizes:     COMRAM   BANK0   BANK1   BANK2   BANK3   BANK4   BANK5   BANK6   BANK7
      Params:         1       0       0       0       0       0       0       0       0
      Locals:         3       0       0       0       0       0       0       0       0
      Temps:          4       0       0       0       0       0       0       0       0
      Totals:         8       0       0       0       0       0       0       0       0
Total ram usage:        8 bytes
 Hardware stack levels used:    1
 This function calls:
		Nothing
 This function is called by:
		_USBEnableEndpoint
 This function uses a non-reentrant model


 *************** function _USBCtrlTrfOutHandler *****************
 Defined at:
		line 2555 in file "../../../../../../framework/usb/src/usb_device.c"
 Parameters:    Size  Location     Type
		None
 Auto vars:     Size  Location     Type
		None
 Return value:  Size  Location     Type
		None               void
 Registers used:
		wreg, fsr1l, fsr1h, fsr2l, fsr2h, status,2, status,0, prodl, prodh, cstack
 Tracked objects:
		On entry : 
		On exit  : 
		Unchanged: 
 Data sizes:     COMRAM   BANK0   BANK1   BANK2   BANK3   BANK4   BANK5   BANK6   BANK7
      Params:         0       0       0       0       0       0       0       0       0
      Locals:         0       0       0       0       0       0       0       0       0
      Temps:          0       0       0       0       0       0       0       0       0
      Totals:         0       0       0       0       0       0       0       0       0
Total ram usage:        0 bytes
 Hardware stack levels used:    1
 Hardware stack levels required when called:    2
 This function calls:
		_USBCtrlTrfRxService
 This function is called by:
		_USBCtrlEPService
 This function uses a non-reentrant model


 *************** function _USBCtrlTrfRxService *****************
 Defined at:
		line 1870 in file "../../../../../../framework/usb/src/usb_device.c"
 Parameters:    Size  Location     Type
		None
 Auto vars:     Size  Location     Type
  byteToRead      1    1[COMRAM] unsigned char 
  i               1    0[COMRAM] unsigned char 
 Return value:  Size  Location     Type
		None               void
 Registers used:
		wreg, fsr1l, fsr1h, fsr2l, fsr2h, status,2, status,0, prodl, prodh, cstack
 Tracked objects:
		On entry : 
		On exit  : 
		Unchanged: 
 Data sizes:     COMRAM   BANK0   BANK1   BANK2   BANK3   BANK4   BANK5   BANK6   BANK7
      Params:         0       0       0       0       0       0       0       0       0
      Locals:         2       0       0       0       0       0       0       0       0
      Temps:          0       0       0       0       0       0       0       0       0
      Totals:         2       0       0       0       0       0       0       0       0
Total ram usage:        2 bytes
 Hardware stack levels used:    1
 Hardware stack levels required when called:    1
 This function calls:
		_USBCtrlEPAllowStatusStage
 This function is called by:
		_USBCtrlTrfOutHandler
 This function uses a non-reentrant model


 *************** function _USBCtrlEPAllowStatusStage *****************
 Defined at:
		line 1434 in file "../../../../../../framework/usb/src/usb_device.c"
 Parameters:    Size  Location     Type
		None
 Auto vars:     Size  Location     Type
		None
 Return value:  Size  Location     Type
		None               void
 Registers used:
		wreg, fsr2l, fsr2h, status,2, status,0
 Tracked objects:
		On entry : 
		On exit  : 
		Unchanged: 
 Data sizes:     COMRAM   BANK0   BANK1   BANK2   BANK3   BANK4   BANK5   BANK6   BANK7
      Params:         0       0       0       0       0       0       0       0       0
      Locals:         0       0       0       0       0       0       0       0       0
      Temps:          0       0       0       0       0       0       0       0       0
      Totals:         0       0       0       0       0       0       0       0       0
Total ram usage:        0 bytes
 Hardware stack levels used:    1
 This function calls:
		Nothing
 This function is called by:
		_USBDeviceTasks
		_USBCtrlEPServiceComplete
		_USBCtrlTrfRxService
 This function uses a non-reentrant model


 *************** function _USBCtrlTrfInHandler *****************
 Defined at:
		line 2609 in file "../../../../../../framework/usb/src/usb_device.c"
 Parameters:    Size  Location     Type
		None
 Auto vars:     Size  Location     Type
  lastDTS         1    1[COMRAM] unsigned char 
 Return value:  Size  Location     Type
		None               void
 Registers used:
		wreg, fsr0l, fsr0h, fsr2l, fsr2h, status,2, status,0, tblptrl, tblptrh, tblptru, cstack
 Tracked objects:
		On entry : 
		On exit  : 
		Unchanged: 
 Data sizes:     COMRAM   BANK0   BANK1   BANK2   BANK3   BANK4   BANK5   BANK6   BANK7
      Params:         0       0       0       0       0       0       0       0       0
      Locals:         1       0       0       0       0       0       0       0       0
      Temps:          0       0       0       0       0       0       0       0       0
      Totals:         1       0       0       0       0       0       0       0       0
Total ram usage:        1 bytes
 Hardware stack levels used:    1
 Hardware stack levels required when called:    1
 This function calls:
		_USBCtrlTrfTxService
 This function is called by:
		_USBCtrlEPService
 This function uses a non-reentrant model


 *************** function _USBCtrlTrfTxService *****************
 Defined at:
		line 1789 in file "../../../../../../framework/usb/src/usb_device.c"
 Parameters:    Size  Location     Type
		None
 Auto vars:     Size  Location     Type
  byteToSend      1    0[COMRAM] unsigned char 
 Return value:  Size  Location     Type
		None               void
 Registers used:
		wreg, fsr0l, fsr0h, fsr2l, fsr2h, status,2, status,0, tblptrl, tblptrh, tblptru
 Tracked objects:
		On entry : 
		On exit  : 
		Unchanged: 
 Data sizes:     COMRAM   BANK0   BANK1   BANK2   BANK3   BANK4   BANK5   BANK6   BANK7
      Params:         0       0       0       0       0       0       0       0       0
      Locals:         1       0       0       0       0       0       0       0       0
      Temps:          0       0       0       0       0       0       0       0       0
      Totals:         1       0       0       0       0       0       0       0       0
Total ram usage:        1 bytes
 Hardware stack levels used:    1
 This function calls:
		Nothing
 This function is called by:
		_USBCtrlEPAllowDataStage
		_USBCtrlTrfInHandler
 This function uses a non-reentrant model



MODULE INFORMATION

Module		Function		Class		Link	Load	Size
../../../../../../../../../Desktop/IMU/i2c/i2c_open.c
		_OpenI2C       		CODE           	32CE	0000	31

../../../../../../../../../Desktop/IMU/i2c/i2c_open.c estimated size: 31

/Applications/microchip/xc8/v1.35/sources/common/ftneg.c
		___ftneg       		CODE           	30C0	0000	49

/Applications/microchip/xc8/v1.35/sources/common/ftneg.c estimated size: 49

../src/system_config/picdem_fs_usb/system.c
		_SYS_InterruptHigh		CODE           	0008	0000	129
		_SYSTEM_Initialize		CODE           	3242	0000	37

../src/system_config/picdem_fs_usb/system.c estimated size: 166

/Applications/microchip/xc8/v1.35/sources/common/ftsub.c
		___ftsub       		CODE           	2D9C	0000	77

/Applications/microchip/xc8/v1.35/sources/common/ftsub.c estimated size: 77

/Applications/microchip/xc8/v1.35/sources/common/float.c
		___ftpack      		CODE           	23F6	0000	175

/Applications/microchip/xc8/v1.35/sources/common/float.c estimated size: 175

../../../../../../../../../Desktop/IMU/i2c/i2c_writ.c
		_WriteI2C      		CODE           	2C8E	0000	95

../../../../../../../../../Desktop/IMU/i2c/i2c_writ.c estimated size: 95

/Applications/microchip/xc8/v1.35/sources/common/frexp.c
		_ldexp         		CODE           	167C	0000	281
		_frexp         		CODE           	271E	0000	145

/Applications/microchip/xc8/v1.35/sources/common/frexp.c estimated size: 426

../../../../../../../../../Desktop/IMU/i2c/i2c_read.c
		_ReadI2C       		CODE           	32EC	0000	29

../../../../../../../../../Desktop/IMU/i2c/i2c_read.c estimated size: 29

/Applications/microchip/xc8/v1.35/sources/common/exp.c
		_exp           		CODE           	04FE	0000	555

/Applications/microchip/xc8/v1.35/sources/common/exp.c estimated size: 555

../src/app_device_mouse.c
		_APP_DeviceMouseIdleRateCallback		CODE           	2F86	0000	55
		_APP_DeviceMouseSOFHandler		CODE           	1E06	0000	213
		_APP_DeviceMouseInitialize		CODE           	311E	0000	47
		_APP_DeviceMouseTasks		CODE           	2D48	0000	85

../src/app_device_mouse.c estimated size: 400

/Applications/microchip/xc8/v1.35/sources/common/evalpoly.c
		_eval_poly     		CODE           	1B70	0000	225

/Applications/microchip/xc8/v1.35/sources/common/evalpoly.c estimated size: 225

../../../../../../../../../Desktop/IMU/MPU6050.h
		_MPU6050_ReadAccX		CODE           	2342	0000	181
		_MPU6050_ReadAccY		CODE           	228E	0000	181
		_MPU6050_ReadAccZ		CODE           	21DA	0000	181
		_MPU6050_Init  		CODE           	2ACA	0000	115

../../../../../../../../../Desktop/IMU/MPU6050.h estimated size: 658

/Applications/microchip/xc8/v1.35/sources/common/ftge.c
		___ftge        		CODE           	27AE	0000	145

/Applications/microchip/xc8/v1.35/sources/common/ftge.c estimated size: 145

/Applications/microchip/xc8/v1.35/sources/common/floor.c
		_floor         		CODE           	18A0	0000	249

/Applications/microchip/xc8/v1.35/sources/common/floor.c estimated size: 249

../src/app_led_usb_status.c
		_APP_LEDUpdateUSBStatus		CODE           	29D4	0000	129

../src/app_led_usb_status.c estimated size: 129

/Applications/microchip/xc8/v1.35/sources/common/ftmul.c
		___ftmul       		CODE           	0C6E	0000	351

/Applications/microchip/xc8/v1.35/sources/common/ftmul.c estimated size: 351

/Applications/microchip/xc8/v1.35/sources/common/ftdiv.c
		___ftdiv       		CODE           	0F18	0000	333

/Applications/microchip/xc8/v1.35/sources/common/ftdiv.c estimated size: 333

/Applications/microchip/xc8/v1.35/sources/common/awtoft.c
		___awtoft      		CODE           	2E6A	0000	61

/Applications/microchip/xc8/v1.35/sources/common/awtoft.c estimated size: 61

../../../../../../../../../Desktop/IMU/i2c/i2c_idle.c
		_IdleI2C       		CODE           	3336	0000	19

../../../../../../../../../Desktop/IMU/i2c/i2c_idle.c estimated size: 19

/Applications/microchip/xc8/v1.35/sources/common/altoft.c
		___altoft      		CODE           	2552	0000	159

/Applications/microchip/xc8/v1.35/sources/common/altoft.c estimated size: 159

/Applications/microchip/xc8/v1.35/sources/common/memset.c
		_memset        		CODE           	314C	0000	45

/Applications/microchip/xc8/v1.35/sources/common/memset.c estimated size: 45

../../../../../../framework/usb/src/usb_device.c
		_USBCtrlTrfInHandler		CODE           	2124	0000	183
		_USBTransferOnePacket		CODE           	206A	0000	187
		_USBDeviceAttach		CODE           	3090	0000	49
		_USBStdGetDscHandler		CODE           	155C	0000	289
		_USBCtrlEPAllowDataStage		CODE           	25F0	0000	155
		_USBStdFeatureReqHandler		CODE           	001A	0000	637
		_USBCtrlEPAllowStatusStage		CODE           	1FA8	0000	195
		_USBCtrlTrfSetupHandler		CODE           	28CE	0000	133
		_USBCtrlTrfOutHandler		CODE           	2CEC	0000	93
		_USBCtrlEPServiceComplete		CODE           	1998	0000	243
		_USBSuspend    		CODE           	30F0	0000	47
		_USBStdSetCfgHandler		CODE           	1C50	0000	221
		_USBStdGetStatusHandler		CODE           	24A4	0000	175
		_USBWakeFromSuspend		CODE           	305C	0000	53
		_USBCtrlTrfRxService		CODE           	1794	0000	269
		_USBCtrlTrfTxService		CODE           	1EDA	0000	207
		_USBEnableEndpoint		CODE           	2EA6	0000	61
		_USBConfigureEndpoint		CODE           	268A	0000	149
		_USBDeviceInit 		CODE           	1064	0000	325
		_USBIncrement1msInternalTimers		CODE           	321C	0000	39
		_USBCtrlEPService		CODE           	283E	0000	145
		_USBStallHandler		CODE           	2DE8	0000	67
		_USBDeviceTasks		CODE           	1430	0000	301
		_USBCheckStdRequest		CODE           	1D2C	0000	219

../../../../../../framework/usb/src/usb_device.c estimated size: 4442

../../../../../../framework/usb/src/usb_device_hid.c
		_USBCheckHIDRequest		CODE           	1A8A	0000	231

../../../../../../framework/usb/src/usb_device_hid.c estimated size: 231

/Applications/microchip/xc8/v1.35/sources/common/log.c
		_log           		CODE           	0DCC	0000	333

/Applications/microchip/xc8/v1.35/sources/common/log.c estimated size: 333

shared
		_configDescriptor1		MEDIUMCONST    	7F8D	0000	35
		_USB_CD_Ptr    		MEDIUMCONST    	7EF7	0000	3
		_sd001         		MEDIUMCONST    	7EF9	0000	53
		exp@coeff      		MEDIUMCONST    	7FAF	0000	31
		i2_BUTTON_Enable		CODE           	32AC	0000	35
		_sd002         		MEDIUMCONST    	7F5F	0000	47
		i2_USBDeviceInit		CODE           	12EC	0000	325
		__initialization		CODE           	2C20	0000	97
		_device_dsc    		MEDIUMCONST    	7FE8	0000	19
		_xVector       		MEDIUMCONST    	0000	0000	0
		_yVector       		MEDIUMCONST    	0000	0000	0
		i2_SYSTEM_Initialize		CODE           	3266	0000	37
		_USB_SD_Ptr    		MEDIUMCONST    	7EE9	0000	7
		i2_LED_Enable  		CODE           	2F50	0000	55
		log@coeff      		MEDIUMCONST    	7FCD	0000	28
		_hid_rpt01     		MEDIUMCONST    	7F2D	0000	51
		i2_memset      		CODE           	31A4	0000	45
		_sd000         		MEDIUMCONST    	7FFA	0000	5

shared estimated size: 873

/Applications/microchip/xc8/v1.35/sources/common/lltoft.c
		___lltoft      		CODE           	2A54	0000	119

/Applications/microchip/xc8/v1.35/sources/common/lltoft.c estimated size: 119

/Applications/microchip/xc8/v1.35/sources/common/fttol.c
		___fttol       		CODE           	11A8	0000	325

/Applications/microchip/xc8/v1.35/sources/common/fttol.c estimated size: 325

/Applications/microchip/xc8/v1.35/sources/common/pow.c
		_pow           		CODE           	0AC2	0000	429

/Applications/microchip/xc8/v1.35/sources/common/pow.c estimated size: 429

/Applications/microchip/xc8/v1.35/sources/common/ftadd.c
		___ftadd       		CODE           	0296	0000	617

/Applications/microchip/xc8/v1.35/sources/common/ftadd.c estimated size: 617

../../../../../../bsp/picdem_fs_usb/leds.c
		_LED_Off       		CODE           	2FF2	0000	55
		_LED_On        		CODE           	2FBC	0000	55
		_LED_Enable    		CODE           	2F1A	0000	55

../../../../../../bsp/picdem_fs_usb/leds.c estimated size: 165

../src/main.c
		_LCDinit       		CODE           	2B3C	0000	115
		_LCDdata       		CODE           	31F6	0000	39
		_main          		CODE           	0728	0000	475
		_USER_USB_CALLBACK_EVENT_HANDLER		CODE           	2952	0000	131
		_LCDstring     		CODE           	3028	0000	53
		_LCDdouble     		CODE           	0902	0000	449
		_LCDnibble     		CODE           	3178	0000	45
		_LCDcmd        		CODE           	3320	0000	23

../src/main.c estimated size: 1330

/Applications/microchip/xc8/v1.35/sources/common/memcpy.c
		_memcpy        		CODE           	2E2A	0000	65

/Applications/microchip/xc8/v1.35/sources/common/memcpy.c estimated size: 65

/Applications/microchip/xc8/v1.35/sources/common/Umul16.c
		___wmul        		CODE           	31D0	0000	39

/Applications/microchip/xc8/v1.35/sources/common/Umul16.c estimated size: 39

../../../../../../bsp/picdem_fs_usb/buttons.c
		_BUTTON_IsPressed		CODE           	2EE2	0000	57
		_BUTTON_Enable 		CODE           	328A	0000	35

../../../../../../bsp/picdem_fs_usb/buttons.c estimated size: 92

